Archive member included because of file (symbol)

d:/e_s_diploma/5_interfacing/2_embedded_c/4_software/1_ide/sdk_win_64/sdk_win_64/winavr/bin/../lib/gcc/avr/4.3.3/avr5\libgcc.a(_mulsi3.o)
                              ./MCAL/TIMER0/TIMER0_prog.o (__mulsi3)
d:/e_s_diploma/5_interfacing/2_embedded_c/4_software/1_ide/sdk_win_64/sdk_win_64/winavr/bin/../lib/gcc/avr/4.3.3/avr5\libgcc.a(_udivmodqi4.o)
                              ./HAL/SSD/SSD_prg.o (__udivmodqi4)
d:/e_s_diploma/5_interfacing/2_embedded_c/4_software/1_ide/sdk_win_64/sdk_win_64/winavr/bin/../lib/gcc/avr/4.3.3/avr5\libgcc.a(_divmodhi4.o)
                              ./MCAL/TIMER0/TIMER0_prog.o (__divmodhi4)
d:/e_s_diploma/5_interfacing/2_embedded_c/4_software/1_ide/sdk_win_64/sdk_win_64/winavr/bin/../lib/gcc/avr/4.3.3/avr5\libgcc.a(_udivmodsi4.o)
                              ./MCAL/UART/UART_prog.o (__udivmodsi4)
d:/e_s_diploma/5_interfacing/2_embedded_c/4_software/1_ide/sdk_win_64/sdk_win_64/winavr/bin/../lib/gcc/avr/4.3.3/avr5\libgcc.a(_divmodsi4.o)
                              ./HAL/LCD/LCD_prg.o (__divmodsi4)
d:/e_s_diploma/5_interfacing/2_embedded_c/4_software/1_ide/sdk_win_64/sdk_win_64/winavr/bin/../lib/gcc/avr/4.3.3/avr5\libgcc.a(_exit.o)
                              d:/e_s_diploma/5_interfacing/2_embedded_c/4_software/1_ide/sdk_win_64/sdk_win_64/winavr/bin/../lib/gcc/avr/4.3.3/../../../../avr/lib/avr5/crtm32.o (exit)
d:/e_s_diploma/5_interfacing/2_embedded_c/4_software/1_ide/sdk_win_64/sdk_win_64/winavr/bin/../lib/gcc/avr/4.3.3/avr5\libgcc.a(_copy_data.o)
                              ./HAL/KeyPad/Keypad_prg.o (__do_copy_data)
d:/e_s_diploma/5_interfacing/2_embedded_c/4_software/1_ide/sdk_win_64/sdk_win_64/winavr/bin/../lib/gcc/avr/4.3.3/avr5\libgcc.a(_clear_bss.o)
                              ./MCAL/TIMER0/TIMER0_prog.o (__do_clear_bss)
d:/e_s_diploma/5_interfacing/2_embedded_c/4_software/1_ide/sdk_win_64/sdk_win_64/winavr/bin/../lib/gcc/avr/4.3.3/avr5\libgcc.a(_fixunssfsi.o)
                              ./MCAL/TIMER1/TIMER1_prog.o (__fixunssfsi)
d:/e_s_diploma/5_interfacing/2_embedded_c/4_software/1_ide/sdk_win_64/sdk_win_64/winavr/bin/../lib/gcc/avr/4.3.3/avr5\libgcc.a(_addsub_sf.o)
                              ./MCAL/TIMER1/TIMER1_prog.o (__subsf3)
d:/e_s_diploma/5_interfacing/2_embedded_c/4_software/1_ide/sdk_win_64/sdk_win_64/winavr/bin/../lib/gcc/avr/4.3.3/avr5\libgcc.a(_mul_sf.o)
                              ./MCAL/TIMER1/TIMER1_prog.o (__mulsf3)
d:/e_s_diploma/5_interfacing/2_embedded_c/4_software/1_ide/sdk_win_64/sdk_win_64/winavr/bin/../lib/gcc/avr/4.3.3/avr5\libgcc.a(_div_sf.o)
                              ./MCAL/TIMER1/TIMER1_prog.o (__divsf3)
d:/e_s_diploma/5_interfacing/2_embedded_c/4_software/1_ide/sdk_win_64/sdk_win_64/winavr/bin/../lib/gcc/avr/4.3.3/avr5\libgcc.a(_ge_sf.o)
                              d:/e_s_diploma/5_interfacing/2_embedded_c/4_software/1_ide/sdk_win_64/sdk_win_64/winavr/bin/../lib/gcc/avr/4.3.3/avr5\libgcc.a(_fixunssfsi.o) (__gesf2)
d:/e_s_diploma/5_interfacing/2_embedded_c/4_software/1_ide/sdk_win_64/sdk_win_64/winavr/bin/../lib/gcc/avr/4.3.3/avr5\libgcc.a(_si_to_sf.o)
                              ./HAL/SERVO/SERVO_prog.o (__floatsisf)
d:/e_s_diploma/5_interfacing/2_embedded_c/4_software/1_ide/sdk_win_64/sdk_win_64/winavr/bin/../lib/gcc/avr/4.3.3/avr5\libgcc.a(_sf_to_si.o)
                              d:/e_s_diploma/5_interfacing/2_embedded_c/4_software/1_ide/sdk_win_64/sdk_win_64/winavr/bin/../lib/gcc/avr/4.3.3/avr5\libgcc.a(_fixunssfsi.o) (__fixsfsi)
d:/e_s_diploma/5_interfacing/2_embedded_c/4_software/1_ide/sdk_win_64/sdk_win_64/winavr/bin/../lib/gcc/avr/4.3.3/avr5\libgcc.a(_thenan_sf.o)
                              d:/e_s_diploma/5_interfacing/2_embedded_c/4_software/1_ide/sdk_win_64/sdk_win_64/winavr/bin/../lib/gcc/avr/4.3.3/avr5\libgcc.a(_addsub_sf.o) (__thenan_sf)
d:/e_s_diploma/5_interfacing/2_embedded_c/4_software/1_ide/sdk_win_64/sdk_win_64/winavr/bin/../lib/gcc/avr/4.3.3/avr5\libgcc.a(_usi_to_sf.o)
                              ./MCAL/TIMER1/TIMER1_prog.o (__floatunsisf)
d:/e_s_diploma/5_interfacing/2_embedded_c/4_software/1_ide/sdk_win_64/sdk_win_64/winavr/bin/../lib/gcc/avr/4.3.3/avr5\libgcc.a(_udivmodhi4.o)
                              d:/e_s_diploma/5_interfacing/2_embedded_c/4_software/1_ide/sdk_win_64/sdk_win_64/winavr/bin/../lib/gcc/avr/4.3.3/avr5\libgcc.a(_divmodhi4.o) (__udivmodhi4)
d:/e_s_diploma/5_interfacing/2_embedded_c/4_software/1_ide/sdk_win_64/sdk_win_64/winavr/bin/../lib/gcc/avr/4.3.3/avr5\libgcc.a(_prologue.o)
                              d:/e_s_diploma/5_interfacing/2_embedded_c/4_software/1_ide/sdk_win_64/sdk_win_64/winavr/bin/../lib/gcc/avr/4.3.3/avr5\libgcc.a(_addsub_sf.o) (__prologue_saves__)
d:/e_s_diploma/5_interfacing/2_embedded_c/4_software/1_ide/sdk_win_64/sdk_win_64/winavr/bin/../lib/gcc/avr/4.3.3/avr5\libgcc.a(_epilogue.o)
                              d:/e_s_diploma/5_interfacing/2_embedded_c/4_software/1_ide/sdk_win_64/sdk_win_64/winavr/bin/../lib/gcc/avr/4.3.3/avr5\libgcc.a(_addsub_sf.o) (__epilogue_restores__)
d:/e_s_diploma/5_interfacing/2_embedded_c/4_software/1_ide/sdk_win_64/sdk_win_64/winavr/bin/../lib/gcc/avr/4.3.3/avr5\libgcc.a(_clzsi2.o)
                              d:/e_s_diploma/5_interfacing/2_embedded_c/4_software/1_ide/sdk_win_64/sdk_win_64/winavr/bin/../lib/gcc/avr/4.3.3/avr5\libgcc.a(_si_to_sf.o) (__clzsi2)
d:/e_s_diploma/5_interfacing/2_embedded_c/4_software/1_ide/sdk_win_64/sdk_win_64/winavr/bin/../lib/gcc/avr/4.3.3/avr5\libgcc.a(_pack_sf.o)
                              d:/e_s_diploma/5_interfacing/2_embedded_c/4_software/1_ide/sdk_win_64/sdk_win_64/winavr/bin/../lib/gcc/avr/4.3.3/avr5\libgcc.a(_addsub_sf.o) (__pack_f)
d:/e_s_diploma/5_interfacing/2_embedded_c/4_software/1_ide/sdk_win_64/sdk_win_64/winavr/bin/../lib/gcc/avr/4.3.3/avr5\libgcc.a(_unpack_sf.o)
                              d:/e_s_diploma/5_interfacing/2_embedded_c/4_software/1_ide/sdk_win_64/sdk_win_64/winavr/bin/../lib/gcc/avr/4.3.3/avr5\libgcc.a(_addsub_sf.o) (__unpack_f)
d:/e_s_diploma/5_interfacing/2_embedded_c/4_software/1_ide/sdk_win_64/sdk_win_64/winavr/bin/../lib/gcc/avr/4.3.3/avr5\libgcc.a(_fpcmp_parts_sf.o)
                              d:/e_s_diploma/5_interfacing/2_embedded_c/4_software/1_ide/sdk_win_64/sdk_win_64/winavr/bin/../lib/gcc/avr/4.3.3/avr5\libgcc.a(_ge_sf.o) (__fpcmp_parts_f)
d:/e_s_diploma/5_interfacing/2_embedded_c/4_software/1_ide/sdk_win_64/sdk_win_64/winavr/bin/../lib/gcc/avr/4.3.3/avr5\libgcc.a(_clz.o)
                              d:/e_s_diploma/5_interfacing/2_embedded_c/4_software/1_ide/sdk_win_64/sdk_win_64/winavr/bin/../lib/gcc/avr/4.3.3/avr5\libgcc.a(_clzsi2.o) (__clz_tab)
d:/e_s_diploma/5_interfacing/2_embedded_c/4_software/1_ide/sdk_win_64/sdk_win_64/winavr/bin/../lib/gcc/avr/4.3.3/../../../../avr/lib/avr5\libc.a(fmod.o)
                              ./HAL/SSD/SSD_prg.o (fmod)
d:/e_s_diploma/5_interfacing/2_embedded_c/4_software/1_ide/sdk_win_64/sdk_win_64/winavr/bin/../lib/gcc/avr/4.3.3/../../../../avr/lib/avr5\libc.a(fp_mpack.o)
                              d:/e_s_diploma/5_interfacing/2_embedded_c/4_software/1_ide/sdk_win_64/sdk_win_64/winavr/bin/../lib/gcc/avr/4.3.3/../../../../avr/lib/avr5\libc.a(fmod.o) (__fp_mpack)
d:/e_s_diploma/5_interfacing/2_embedded_c/4_software/1_ide/sdk_win_64/sdk_win_64/winavr/bin/../lib/gcc/avr/4.3.3/../../../../avr/lib/avr5\libc.a(fp_nan.o)
                              d:/e_s_diploma/5_interfacing/2_embedded_c/4_software/1_ide/sdk_win_64/sdk_win_64/winavr/bin/../lib/gcc/avr/4.3.3/../../../../avr/lib/avr5\libc.a(fmod.o) (__fp_nan)
d:/e_s_diploma/5_interfacing/2_embedded_c/4_software/1_ide/sdk_win_64/sdk_win_64/winavr/bin/../lib/gcc/avr/4.3.3/../../../../avr/lib/avr5\libc.a(fp_pscA.o)
                              d:/e_s_diploma/5_interfacing/2_embedded_c/4_software/1_ide/sdk_win_64/sdk_win_64/winavr/bin/../lib/gcc/avr/4.3.3/../../../../avr/lib/avr5\libc.a(fmod.o) (__fp_pscA)
d:/e_s_diploma/5_interfacing/2_embedded_c/4_software/1_ide/sdk_win_64/sdk_win_64/winavr/bin/../lib/gcc/avr/4.3.3/../../../../avr/lib/avr5\libc.a(fp_pscB.o)
                              d:/e_s_diploma/5_interfacing/2_embedded_c/4_software/1_ide/sdk_win_64/sdk_win_64/winavr/bin/../lib/gcc/avr/4.3.3/../../../../avr/lib/avr5\libc.a(fmod.o) (__fp_pscB)
d:/e_s_diploma/5_interfacing/2_embedded_c/4_software/1_ide/sdk_win_64/sdk_win_64/winavr/bin/../lib/gcc/avr/4.3.3/../../../../avr/lib/avr5\libc.a(fp_split3.o)
                              d:/e_s_diploma/5_interfacing/2_embedded_c/4_software/1_ide/sdk_win_64/sdk_win_64/winavr/bin/../lib/gcc/avr/4.3.3/../../../../avr/lib/avr5\libc.a(fmod.o) (__fp_split3)
d:/e_s_diploma/5_interfacing/2_embedded_c/4_software/1_ide/sdk_win_64/sdk_win_64/winavr/bin/../lib/gcc/avr/4.3.3/../../../../avr/lib/avr5\libc.a(fp_zero.o)
                              d:/e_s_diploma/5_interfacing/2_embedded_c/4_software/1_ide/sdk_win_64/sdk_win_64/winavr/bin/../lib/gcc/avr/4.3.3/../../../../avr/lib/avr5\libc.a(fmod.o) (__fp_szero)

Allocating common symbols
Common symbol       size              file

CallBack            0x2               ./MCAL/TIMER0/TIMER0_prog.o

Memory Configuration

Name             Origin             Length             Attributes
text             0x00000000         0x00020000         xr
data             0x00800060         0x0000ffa0         rw !x
eeprom           0x00810000         0x00010000         rw !x
fuse             0x00820000         0x00000400         rw !x
lock             0x00830000         0x00000400         rw !x
signature        0x00840000         0x00000400         rw !x
*default*        0x00000000         0xffffffff

Linker script and memory map

LOAD d:/e_s_diploma/5_interfacing/2_embedded_c/4_software/1_ide/sdk_win_64/sdk_win_64/winavr/bin/../lib/gcc/avr/4.3.3/../../../../avr/lib/avr5/crtm32.o
LOAD ./MCAL/WDT/WDT_prog.o
LOAD ./MCAL/UART/UART_prog.o
LOAD ./MCAL/TWI/TWI_prog.o
LOAD ./MCAL/TIMER1/TIMER1_prog.o
LOAD ./MCAL/TIMER0/TIMER0_prog.o
LOAD ./MCAL/SPI/SPI_prog.o
LOAD ./MCAL/GIE/GIE_prg.o
LOAD ./MCAL/EXTI/EXTI_prg.o
LOAD ./MCAL/DIO/DIO_prg.o
LOAD ./MCAL/ADC/ADC_prg.o
LOAD ./HAL/TEMP_SENSOR/TEMP_SENSOR_prg.o
LOAD ./HAL/SSD/SSD_prg.o
LOAD ./HAL/SERVO/SERVO_prog.o
LOAD ./HAL/PB/PB_prg.o
LOAD ./HAL/LED/LED_prg.o
LOAD ./HAL/LCD/LCD_prg.o
LOAD ./HAL/KeyPad/Keypad_prg.o
LOAD ./HAL/EXT_EEPROM/EXT_EEPROM_prog.o
LOAD ./HAL/Buzzer/Buzzer_prg.o
LOAD ./APP/main.o
LOAD d:/e_s_diploma/5_interfacing/2_embedded_c/4_software/1_ide/sdk_win_64/sdk_win_64/winavr/bin/../lib/gcc/avr/4.3.3/avr5\libgcc.a
LOAD d:/e_s_diploma/5_interfacing/2_embedded_c/4_software/1_ide/sdk_win_64/sdk_win_64/winavr/bin/../lib/gcc/avr/4.3.3/../../../../avr/lib/avr5\libc.a
LOAD d:/e_s_diploma/5_interfacing/2_embedded_c/4_software/1_ide/sdk_win_64/sdk_win_64/winavr/bin/../lib/gcc/avr/4.3.3/avr5\libgcc.a

.hash
 *(.hash)

.dynsym
 *(.dynsym)

.dynstr
 *(.dynstr)

.gnu.version
 *(.gnu.version)

.gnu.version_d
 *(.gnu.version_d)

.gnu.version_r
 *(.gnu.version_r)

.rel.init
 *(.rel.init)

.rela.init
 *(.rela.init)

.rel.text
 *(.rel.text)
 *(.rel.text.*)
 *(.rel.gnu.linkonce.t*)

.rela.text
 *(.rela.text)
 *(.rela.text.*)
 *(.rela.gnu.linkonce.t*)

.rel.fini
 *(.rel.fini)

.rela.fini
 *(.rela.fini)

.rel.rodata
 *(.rel.rodata)
 *(.rel.rodata.*)
 *(.rel.gnu.linkonce.r*)

.rela.rodata
 *(.rela.rodata)
 *(.rela.rodata.*)
 *(.rela.gnu.linkonce.r*)

.rel.data
 *(.rel.data)
 *(.rel.data.*)
 *(.rel.gnu.linkonce.d*)

.rela.data
 *(.rela.data)
 *(.rela.data.*)
 *(.rela.gnu.linkonce.d*)

.rel.ctors
 *(.rel.ctors)

.rela.ctors
 *(.rela.ctors)

.rel.dtors
 *(.rel.dtors)

.rela.dtors
 *(.rela.dtors)

.rel.got
 *(.rel.got)

.rela.got
 *(.rela.got)

.rel.bss
 *(.rel.bss)

.rela.bss
 *(.rela.bss)

.rel.plt
 *(.rel.plt)

.rela.plt
 *(.rela.plt)

.text           0x00000000     0x3294
 *(.vectors)
 .vectors       0x00000000       0x54 d:/e_s_diploma/5_interfacing/2_embedded_c/4_software/1_ide/sdk_win_64/sdk_win_64/winavr/bin/../lib/gcc/avr/4.3.3/../../../../avr/lib/avr5/crtm32.o
                0x00000000                __vectors
                0x00000000                __vector_default
 *(.vectors)
 *(.progmem.gcc*)
 *(.progmem*)
                0x00000054                . = ALIGN (0x2)
                0x00000054                __trampolines_start = .
 *(.trampolines)
 .trampolines   0x00000054        0x0 linker stubs
 *(.trampolines*)
                0x00000054                __trampolines_end = .
 *(.jumptables)
 *(.jumptables*)
 *(.lowtext)
 *(.lowtext*)
                0x00000054                __ctors_start = .
 *(.ctors)
                0x00000054                __ctors_end = .
                0x00000054                __dtors_start = .
 *(.dtors)
                0x00000054                __dtors_end = .
 SORT(*)(.ctors)
 SORT(*)(.dtors)
 *(.init0)
 .init0         0x00000054        0x0 d:/e_s_diploma/5_interfacing/2_embedded_c/4_software/1_ide/sdk_win_64/sdk_win_64/winavr/bin/../lib/gcc/avr/4.3.3/../../../../avr/lib/avr5/crtm32.o
                0x00000054                __init
 *(.init0)
 *(.init1)
 *(.init1)
 *(.init2)
 .init2         0x00000054        0xc d:/e_s_diploma/5_interfacing/2_embedded_c/4_software/1_ide/sdk_win_64/sdk_win_64/winavr/bin/../lib/gcc/avr/4.3.3/../../../../avr/lib/avr5/crtm32.o
 *(.init2)
 *(.init3)
 *(.init3)
 *(.init4)
 .init4         0x00000060       0x16 d:/e_s_diploma/5_interfacing/2_embedded_c/4_software/1_ide/sdk_win_64/sdk_win_64/winavr/bin/../lib/gcc/avr/4.3.3/avr5\libgcc.a(_copy_data.o)
                0x00000060                __do_copy_data
 .init4         0x00000076       0x10 d:/e_s_diploma/5_interfacing/2_embedded_c/4_software/1_ide/sdk_win_64/sdk_win_64/winavr/bin/../lib/gcc/avr/4.3.3/avr5\libgcc.a(_clear_bss.o)
                0x00000076                __do_clear_bss
 *(.init4)
 *(.init5)
 *(.init5)
 *(.init6)
 *(.init6)
 *(.init7)
 *(.init7)
 *(.init8)
 *(.init8)
 *(.init9)
 .init9         0x00000086        0x8 d:/e_s_diploma/5_interfacing/2_embedded_c/4_software/1_ide/sdk_win_64/sdk_win_64/winavr/bin/../lib/gcc/avr/4.3.3/../../../../avr/lib/avr5/crtm32.o
 *(.init9)
 *(.text)
 .text          0x0000008e        0x4 d:/e_s_diploma/5_interfacing/2_embedded_c/4_software/1_ide/sdk_win_64/sdk_win_64/winavr/bin/../lib/gcc/avr/4.3.3/../../../../avr/lib/avr5/crtm32.o
                0x0000008e                __vector_12
                0x0000008e                __bad_interrupt
                0x0000008e                __vector_6
                0x0000008e                __vector_11
                0x0000008e                __vector_13
                0x0000008e                __vector_17
                0x0000008e                __vector_19
                0x0000008e                __vector_7
                0x0000008e                __vector_5
                0x0000008e                __vector_4
                0x0000008e                __vector_9
                0x0000008e                __vector_15
                0x0000008e                __vector_8
                0x0000008e                __vector_14
                0x0000008e                __vector_16
                0x0000008e                __vector_18
                0x0000008e                __vector_20
 .text          0x00000092        0x0 ./MCAL/WDT/WDT_prog.o
 .text          0x00000092        0x0 ./MCAL/UART/UART_prog.o
 .text          0x00000092        0x0 ./MCAL/TWI/TWI_prog.o
 .text          0x00000092        0x0 ./MCAL/TIMER1/TIMER1_prog.o
 .text          0x00000092        0x0 ./MCAL/TIMER0/TIMER0_prog.o
 .text          0x00000092        0x0 ./MCAL/SPI/SPI_prog.o
 .text          0x00000092        0x0 ./MCAL/GIE/GIE_prg.o
 .text          0x00000092        0x0 ./MCAL/EXTI/EXTI_prg.o
 .text          0x00000092        0x0 ./MCAL/DIO/DIO_prg.o
 .text          0x00000092        0x0 ./MCAL/ADC/ADC_prg.o
 .text          0x00000092        0x0 ./HAL/TEMP_SENSOR/TEMP_SENSOR_prg.o
 .text          0x00000092        0x0 ./HAL/SSD/SSD_prg.o
 .text          0x00000092        0x0 ./HAL/SERVO/SERVO_prog.o
 .text          0x00000092        0x0 ./HAL/PB/PB_prg.o
 .text          0x00000092        0x0 ./HAL/LED/LED_prg.o
 .text          0x00000092        0x0 ./HAL/LCD/LCD_prg.o
 .text          0x00000092        0x0 ./HAL/KeyPad/Keypad_prg.o
 .text          0x00000092        0x0 ./HAL/EXT_EEPROM/EXT_EEPROM_prog.o
 .text          0x00000092        0x0 ./HAL/Buzzer/Buzzer_prg.o
 .text          0x00000092        0x0 ./APP/main.o
 .text          0x00000092        0x0 d:/e_s_diploma/5_interfacing/2_embedded_c/4_software/1_ide/sdk_win_64/sdk_win_64/winavr/bin/../lib/gcc/avr/4.3.3/avr5\libgcc.a(_mulsi3.o)
 .text          0x00000092        0x0 d:/e_s_diploma/5_interfacing/2_embedded_c/4_software/1_ide/sdk_win_64/sdk_win_64/winavr/bin/../lib/gcc/avr/4.3.3/avr5\libgcc.a(_udivmodqi4.o)
 .text          0x00000092        0x0 d:/e_s_diploma/5_interfacing/2_embedded_c/4_software/1_ide/sdk_win_64/sdk_win_64/winavr/bin/../lib/gcc/avr/4.3.3/avr5\libgcc.a(_divmodhi4.o)
 .text          0x00000092        0x0 d:/e_s_diploma/5_interfacing/2_embedded_c/4_software/1_ide/sdk_win_64/sdk_win_64/winavr/bin/../lib/gcc/avr/4.3.3/avr5\libgcc.a(_udivmodsi4.o)
 .text          0x00000092        0x0 d:/e_s_diploma/5_interfacing/2_embedded_c/4_software/1_ide/sdk_win_64/sdk_win_64/winavr/bin/../lib/gcc/avr/4.3.3/avr5\libgcc.a(_divmodsi4.o)
 .text          0x00000092        0x0 d:/e_s_diploma/5_interfacing/2_embedded_c/4_software/1_ide/sdk_win_64/sdk_win_64/winavr/bin/../lib/gcc/avr/4.3.3/avr5\libgcc.a(_exit.o)
 .text          0x00000092        0x0 d:/e_s_diploma/5_interfacing/2_embedded_c/4_software/1_ide/sdk_win_64/sdk_win_64/winavr/bin/../lib/gcc/avr/4.3.3/avr5\libgcc.a(_copy_data.o)
 .text          0x00000092        0x0 d:/e_s_diploma/5_interfacing/2_embedded_c/4_software/1_ide/sdk_win_64/sdk_win_64/winavr/bin/../lib/gcc/avr/4.3.3/avr5\libgcc.a(_clear_bss.o)
 .text          0x00000092       0x58 d:/e_s_diploma/5_interfacing/2_embedded_c/4_software/1_ide/sdk_win_64/sdk_win_64/winavr/bin/../lib/gcc/avr/4.3.3/avr5\libgcc.a(_fixunssfsi.o)
                0x00000092                __fixunssfsi
 .text          0x000000ea      0x354 d:/e_s_diploma/5_interfacing/2_embedded_c/4_software/1_ide/sdk_win_64/sdk_win_64/winavr/bin/../lib/gcc/avr/4.3.3/avr5\libgcc.a(_addsub_sf.o)
                0x00000382                __subsf3
                0x000003e4                __addsf3
 .text          0x0000043e      0x1f4 d:/e_s_diploma/5_interfacing/2_embedded_c/4_software/1_ide/sdk_win_64/sdk_win_64/winavr/bin/../lib/gcc/avr/4.3.3/avr5\libgcc.a(_mul_sf.o)
                0x0000043e                __mulsf3
 .text          0x00000632      0x158 d:/e_s_diploma/5_interfacing/2_embedded_c/4_software/1_ide/sdk_win_64/sdk_win_64/winavr/bin/../lib/gcc/avr/4.3.3/avr5\libgcc.a(_div_sf.o)
                0x00000632                __divsf3
 .text          0x0000078a       0x60 d:/e_s_diploma/5_interfacing/2_embedded_c/4_software/1_ide/sdk_win_64/sdk_win_64/winavr/bin/../lib/gcc/avr/4.3.3/avr5\libgcc.a(_ge_sf.o)
                0x0000078a                __gesf2
 .text          0x000007ea       0xbc d:/e_s_diploma/5_interfacing/2_embedded_c/4_software/1_ide/sdk_win_64/sdk_win_64/winavr/bin/../lib/gcc/avr/4.3.3/avr5\libgcc.a(_si_to_sf.o)
                0x000007ea                __floatsisf
 .text          0x000008a6       0xa8 d:/e_s_diploma/5_interfacing/2_embedded_c/4_software/1_ide/sdk_win_64/sdk_win_64/winavr/bin/../lib/gcc/avr/4.3.3/avr5\libgcc.a(_sf_to_si.o)
                0x000008a6                __fixsfsi
 .text          0x0000094e        0x0 d:/e_s_diploma/5_interfacing/2_embedded_c/4_software/1_ide/sdk_win_64/sdk_win_64/winavr/bin/../lib/gcc/avr/4.3.3/avr5\libgcc.a(_thenan_sf.o)
 .text          0x0000094e       0xf2 d:/e_s_diploma/5_interfacing/2_embedded_c/4_software/1_ide/sdk_win_64/sdk_win_64/winavr/bin/../lib/gcc/avr/4.3.3/avr5\libgcc.a(_usi_to_sf.o)
                0x0000094e                __floatunsisf
 .text          0x00000a40        0x0 d:/e_s_diploma/5_interfacing/2_embedded_c/4_software/1_ide/sdk_win_64/sdk_win_64/winavr/bin/../lib/gcc/avr/4.3.3/avr5\libgcc.a(_udivmodhi4.o)
 .text          0x00000a40        0x0 d:/e_s_diploma/5_interfacing/2_embedded_c/4_software/1_ide/sdk_win_64/sdk_win_64/winavr/bin/../lib/gcc/avr/4.3.3/avr5\libgcc.a(_prologue.o)
 .text          0x00000a40        0x0 d:/e_s_diploma/5_interfacing/2_embedded_c/4_software/1_ide/sdk_win_64/sdk_win_64/winavr/bin/../lib/gcc/avr/4.3.3/avr5\libgcc.a(_epilogue.o)
 .text          0x00000a40       0x9e d:/e_s_diploma/5_interfacing/2_embedded_c/4_software/1_ide/sdk_win_64/sdk_win_64/winavr/bin/../lib/gcc/avr/4.3.3/avr5\libgcc.a(_clzsi2.o)
                0x00000a40                __clzsi2
 .text          0x00000ade      0x1aa d:/e_s_diploma/5_interfacing/2_embedded_c/4_software/1_ide/sdk_win_64/sdk_win_64/winavr/bin/../lib/gcc/avr/4.3.3/avr5\libgcc.a(_pack_sf.o)
                0x00000ade                __pack_f
 .text          0x00000c88       0xf0 d:/e_s_diploma/5_interfacing/2_embedded_c/4_software/1_ide/sdk_win_64/sdk_win_64/winavr/bin/../lib/gcc/avr/4.3.3/avr5\libgcc.a(_unpack_sf.o)
                0x00000c88                __unpack_f
 .text          0x00000d78       0xb2 d:/e_s_diploma/5_interfacing/2_embedded_c/4_software/1_ide/sdk_win_64/sdk_win_64/winavr/bin/../lib/gcc/avr/4.3.3/avr5\libgcc.a(_fpcmp_parts_sf.o)
                0x00000d78                __fpcmp_parts_f
 .text          0x00000e2a        0x0 d:/e_s_diploma/5_interfacing/2_embedded_c/4_software/1_ide/sdk_win_64/sdk_win_64/winavr/bin/../lib/gcc/avr/4.3.3/avr5\libgcc.a(_clz.o)
 .text          0x00000e2a        0x0 d:/e_s_diploma/5_interfacing/2_embedded_c/4_software/1_ide/sdk_win_64/sdk_win_64/winavr/bin/../lib/gcc/avr/4.3.3/../../../../avr/lib/avr5\libc.a(fmod.o)
 .text          0x00000e2a        0x0 d:/e_s_diploma/5_interfacing/2_embedded_c/4_software/1_ide/sdk_win_64/sdk_win_64/winavr/bin/../lib/gcc/avr/4.3.3/../../../../avr/lib/avr5\libc.a(fp_mpack.o)
 .text          0x00000e2a        0x0 d:/e_s_diploma/5_interfacing/2_embedded_c/4_software/1_ide/sdk_win_64/sdk_win_64/winavr/bin/../lib/gcc/avr/4.3.3/../../../../avr/lib/avr5\libc.a(fp_nan.o)
 .text          0x00000e2a        0x0 d:/e_s_diploma/5_interfacing/2_embedded_c/4_software/1_ide/sdk_win_64/sdk_win_64/winavr/bin/../lib/gcc/avr/4.3.3/../../../../avr/lib/avr5\libc.a(fp_pscA.o)
 .text          0x00000e2a        0x0 d:/e_s_diploma/5_interfacing/2_embedded_c/4_software/1_ide/sdk_win_64/sdk_win_64/winavr/bin/../lib/gcc/avr/4.3.3/../../../../avr/lib/avr5\libc.a(fp_pscB.o)
 .text          0x00000e2a        0x0 d:/e_s_diploma/5_interfacing/2_embedded_c/4_software/1_ide/sdk_win_64/sdk_win_64/winavr/bin/../lib/gcc/avr/4.3.3/../../../../avr/lib/avr5\libc.a(fp_split3.o)
 .text          0x00000e2a        0x0 d:/e_s_diploma/5_interfacing/2_embedded_c/4_software/1_ide/sdk_win_64/sdk_win_64/winavr/bin/../lib/gcc/avr/4.3.3/../../../../avr/lib/avr5\libc.a(fp_zero.o)
                0x00000e2a                . = ALIGN (0x2)
 *(.text.*)
 .text.M_WDT_void_Enable
                0x00000e2a       0x1e ./MCAL/WDT/WDT_prog.o
                0x00000e2a                M_WDT_void_Enable
 .text.M_WDT_void_Disable
                0x00000e48        0x2 ./MCAL/WDT/WDT_prog.o
                0x00000e48                M_WDT_void_Disable
 .text.M_WDT_void_Refresh
                0x00000e4a        0x4 ./MCAL/WDT/WDT_prog.o
                0x00000e4a                M_WDT_void_Refresh
 .text.M_UART_void_Init
                0x00000e4e       0x1c ./MCAL/UART/UART_prog.o
                0x00000e4e                M_UART_void_Init
 .text.M_UART_void_SetBaudRate
                0x00000e6a       0x36 ./MCAL/UART/UART_prog.o
                0x00000e6a                M_UART_void_SetBaudRate
 .text.M_UART_void_Tx
                0x00000ea0       0x2e ./MCAL/UART/UART_prog.o
                0x00000ea0                M_UART_void_Tx
 .text.M_UART_void_Rx
                0x00000ece       0x32 ./MCAL/UART/UART_prog.o
                0x00000ece                M_UART_void_Rx
 .text.M_TWI_void_Init
                0x00000f00       0x10 ./MCAL/TWI/TWI_prog.o
                0x00000f00                M_TWI_void_Init
 .text.M_TWI_void_StartCondition
                0x00000f10       0x24 ./MCAL/TWI/TWI_prog.o
                0x00000f10                M_TWI_void_StartCondition
 .text.M_TWI_void_StopCondition
                0x00000f34       0x12 ./MCAL/TWI/TWI_prog.o
                0x00000f34                M_TWI_void_StopCondition
 .text.M_TWI_void_RepeatedStart
                0x00000f46       0x24 ./MCAL/TWI/TWI_prog.o
                0x00000f46                M_TWI_void_RepeatedStart
 .text.M_TWI_void_SendSlaveAddressWrite
                0x00000f6a       0x22 ./MCAL/TWI/TWI_prog.o
                0x00000f6a                M_TWI_void_SendSlaveAddressWrite
 .text.M_TWI_void_SendSlaveAddressRead
                0x00000f8c       0x2a ./MCAL/TWI/TWI_prog.o
                0x00000f8c                M_TWI_void_SendSlaveAddressRead
 .text.M_TWI_void_SendByte
                0x00000fb6       0x26 ./MCAL/TWI/TWI_prog.o
                0x00000fb6                M_TWI_void_SendByte
 .text.M_TWI_void_ReadByte
                0x00000fdc       0x34 ./MCAL/TWI/TWI_prog.o
                0x00000fdc                M_TWI_void_ReadByte
 .text.M_TIMER1_voidPwm1SetFrequancy
                0x00001010       0x16 ./MCAL/TIMER1/TIMER1_prog.o
                0x00001010                M_TIMER1_voidPwm1SetFrequancy
 .text.M_TIMER1_voidPwm1SetDutyCycle
                0x00001026       0x4a ./MCAL/TIMER1/TIMER1_prog.o
                0x00001026                M_TIMER1_voidPwm1SetDutyCycle
 .text.M_TIMER1_voidPwm1Start
                0x00001070       0x18 ./MCAL/TIMER1/TIMER1_prog.o
                0x00001070                M_TIMER1_voidPwm1Start
 .text.M_TIMER1_voidPwm1Stop
                0x00001088       0x18 ./MCAL/TIMER1/TIMER1_prog.o
                0x00001088                M_TIMER1_voidPwm1Stop
 .text.M_TIMER1_voidPwm1Init
                0x000010a0       0x38 ./MCAL/TIMER1/TIMER1_prog.o
                0x000010a0                M_TIMER1_voidPwm1Init
 .text.M_TIMER0_Void_Init
                0x000010d8       0x1c ./MCAL/TIMER0/TIMER0_prog.o
                0x000010d8                M_TIMER0_Void_Init
 .text.M_TIMER0_Void_SetTime
                0x000010f4       0xc0 ./MCAL/TIMER0/TIMER0_prog.o
                0x000010f4                M_TIMER0_Void_SetTime
 .text.M_TIMER0_Void_Start
                0x000011b4       0x18 ./MCAL/TIMER0/TIMER0_prog.o
                0x000011b4                M_TIMER0_Void_Start
 .text.M_TIMER0_Void_Stop
                0x000011cc       0x18 ./MCAL/TIMER0/TIMER0_prog.o
                0x000011cc                M_TIMER0_Void_Stop
 .text.M_TIMER0_Void_Pwm0SetDutyCycle
                0x000011e4       0x14 ./MCAL/TIMER0/TIMER0_prog.o
                0x000011e4                M_TIMER0_Void_Pwm0SetDutyCycle
 .text.M_TIMER0_Void_Pwm0Start
                0x000011f8        0x6 ./MCAL/TIMER0/TIMER0_prog.o
                0x000011f8                M_TIMER0_Void_Pwm0Start
 .text.M_TIMER0_Void_Pwm0Stop
                0x000011fe        0x6 ./MCAL/TIMER0/TIMER0_prog.o
                0x000011fe                M_TIMER0_Void_Pwm0Stop
 .text.M_TIMER0_voidSetCallBack
                0x00001204        0xa ./MCAL/TIMER0/TIMER0_prog.o
                0x00001204                M_TIMER0_voidSetCallBack
 .text.__vector_10
                0x0000120e       0x9e ./MCAL/TIMER0/TIMER0_prog.o
                0x0000120e                __vector_10
 .text.M_TIMER0_Void_Pwm0Init
                0x000012ac       0x28 ./MCAL/TIMER0/TIMER0_prog.o
                0x000012ac                M_TIMER0_Void_Pwm0Init
 .text.M_SPI_void_Transiver
                0x000012d4       0x10 ./MCAL/SPI/SPI_prog.o
                0x000012d4                M_SPI_void_Transiver
 .text.M_SPI_void_Init
                0x000012e4       0x4c ./MCAL/SPI/SPI_prog.o
                0x000012e4                M_SPI_void_Init
 .text.M_GIE_void_Enable
                0x00001330        0x4 ./MCAL/GIE/GIE_prg.o
                0x00001330                M_GIE_void_Enable
 .text.M_GIE_void_Disable
                0x00001334        0x4 ./MCAL/GIE/GIE_prg.o
                0x00001334                M_GIE_void_Disable
 .text.M_EXTI_void_Enable
                0x00001338       0x80 ./MCAL/EXTI/EXTI_prg.o
                0x00001338                M_EXTI_void_Enable
 .text.M_EXTI_void_Disable
                0x000013b8       0x1c ./MCAL/EXTI/EXTI_prg.o
                0x000013b8                M_EXTI_void_Disable
 .text.M_EXTI_void_setCallBackfn
                0x000013d4       0x2c ./MCAL/EXTI/EXTI_prg.o
                0x000013d4                M_EXTI_void_setCallBackfn
 .text.__vector_1
                0x00001400       0x4e ./MCAL/EXTI/EXTI_prg.o
                0x00001400                __vector_1
 .text.__vector_2
                0x0000144e       0x4e ./MCAL/EXTI/EXTI_prg.o
                0x0000144e                __vector_2
 .text.__vector_3
                0x0000149c       0x4e ./MCAL/EXTI/EXTI_prg.o
                0x0000149c                __vector_3
 .text.M_DIO_void_Init
                0x000014ea        0xc ./MCAL/DIO/DIO_prg.o
                0x000014ea                M_DIO_void_Init
 .text.M_DIO_void_setPinDirection
                0x000014f6       0xdc ./MCAL/DIO/DIO_prg.o
                0x000014f6                M_DIO_void_setPinDirection
 .text.M_DIO_void_setPinValue
                0x000015d2       0xdc ./MCAL/DIO/DIO_prg.o
                0x000015d2                M_DIO_void_setPinValue
 .text.M_DIO_void_getPinValue
                0x000016ae       0x64 ./MCAL/DIO/DIO_prg.o
                0x000016ae                M_DIO_void_getPinValue
 .text.M_DIO_void_TogglePinValue
                0x00001712       0x7a ./MCAL/DIO/DIO_prg.o
                0x00001712                M_DIO_void_TogglePinValue
 .text.M_ADC_void_init
                0x0000178c       0x42 ./MCAL/ADC/ADC_prg.o
                0x0000178c                M_ADC_void_init
 .text.M_ADC_u16_getValue
                0x000017ce       0x2a ./MCAL/ADC/ADC_prg.o
                0x000017ce                M_ADC_u16_getValue
 .text.H_TEMPSENSOR_u8_readTemp
                0x000017f8       0x3c ./HAL/TEMP_SENSOR/TEMP_SENSOR_prg.o
                0x000017f8                H_TEMPSENSOR_u8_readTemp
 .text.H_TEMPSENSOR_void_Init
                0x00001834        0xc ./HAL/TEMP_SENSOR/TEMP_SENSOR_prg.o
                0x00001834                H_TEMPSENSOR_void_Init
 .text.H_SSD_void_DisplayFloatNumber
                0x00001840      0x71c ./HAL/SSD/SSD_prg.o
                0x00001840                H_SSD_void_DisplayFloatNumber
 .text.H_SSD_void_DisplayNumber
                0x00001f5c      0x6ba ./HAL/SSD/SSD_prg.o
                0x00001f5c                H_SSD_void_DisplayNumber
 .text.H_SSD_void_Init
                0x00002616       0x66 ./HAL/SSD/SSD_prg.o
                0x00002616                H_SSD_void_Init
 .text.H_SERVO_void_Stop
                0x0000267c        0x6 ./HAL/SERVO/SERVO_prog.o
                0x0000267c                H_SERVO_void_Stop
 .text.H_SERVO_void_Start
                0x00002682        0x6 ./HAL/SERVO/SERVO_prog.o
                0x00002682                H_SERVO_void_Start
 .text.H_SERVO_void_SetAngel
                0x00002688       0x3c ./HAL/SERVO/SERVO_prog.o
                0x00002688                H_SERVO_void_SetAngel
 .text.H_SERVO_void_Init
                0x000026c4       0x12 ./HAL/SERVO/SERVO_prog.o
                0x000026c4                H_SERVO_void_Init
 .text.H_PB_u8_PBread
                0x000026d6       0xe6 ./HAL/PB/PB_prg.o
                0x000026d6                H_PB_u8_PBread
 .text.H_PB_void_Init
                0x000027bc        0xc ./HAL/PB/PB_prg.o
                0x000027bc                H_PB_void_Init
 .text.H_Led_void_LedTOG
                0x000027c8       0x2c ./HAL/LED/LED_prg.o
                0x000027c8                H_Led_void_LedTOG
 .text.H_Led_void_LedSetOFF
                0x000027f4       0x32 ./HAL/LED/LED_prg.o
                0x000027f4                H_Led_void_LedSetOFF
 .text.H_Led_void_LedSetON
                0x00002826       0x32 ./HAL/LED/LED_prg.o
                0x00002826                H_Led_void_LedSetON
 .text.H_Led_void_LedInit
                0x00002858       0x32 ./HAL/LED/LED_prg.o
                0x00002858                H_Led_void_LedInit
 .text.H_LCD_void_writeNlatch
                0x0000288a       0xfe ./HAL/LCD/LCD_prg.o
 .text.H_LCD_void_sendCommand
                0x00002988       0x18 ./HAL/LCD/LCD_prg.o
                0x00002988                H_LCD_void_sendCommand
 .text.H_LCD_void_Clear
                0x000029a0        0x8 ./HAL/LCD/LCD_prg.o
                0x000029a0                H_LCD_void_Clear
 .text.H_LCD_void_GotoXY
                0x000029a8       0x34 ./HAL/LCD/LCD_prg.o
                0x000029a8                H_LCD_void_GotoXY
 .text.H_LCD_void_sendData
                0x000029dc       0x18 ./HAL/LCD/LCD_prg.o
                0x000029dc                H_LCD_void_sendData
 .text.H_LCD_void_displayCustomChar
                0x000029f4        0x6 ./HAL/LCD/LCD_prg.o
                0x000029f4                H_LCD_void_displayCustomChar
 .text.H_LCD_void_setCustomChar
                0x000029fa       0x40 ./HAL/LCD/LCD_prg.o
                0x000029fa                H_LCD_void_setCustomChar
 .text.H_LCD_void_sendIntNum
                0x00002a3a      0x132 ./HAL/LCD/LCD_prg.o
                0x00002a3a                H_LCD_void_sendIntNum
 .text.H_LCD_void_sendString
                0x00002b6c       0x20 ./HAL/LCD/LCD_prg.o
                0x00002b6c                H_LCD_void_sendString
 .text.H_LCD_void_Init
                0x00002b8c       0xfe ./HAL/LCD/LCD_prg.o
                0x00002b8c                H_LCD_void_Init
 .text.H_KEYPAD_u8_getPressedKey
                0x00002c8a      0x13c ./HAL/KeyPad/Keypad_prg.o
                0x00002c8a                H_KEYPAD_u8_getPressedKey
 .text.H_KEYPAD_void_Init
                0x00002dc6       0x7a ./HAL/KeyPad/Keypad_prg.o
                0x00002dc6                H_KEYPAD_void_Init
 .text.H_EXT_EEPROM_void_Read
                0x00002e40       0x36 ./HAL/EXT_EEPROM/EXT_EEPROM_prog.o
                0x00002e40                H_EXT_EEPROM_void_Read
 .text.H_EXT_EEPROM_void_Write
                0x00002e76       0x30 ./HAL/EXT_EEPROM/EXT_EEPROM_prog.o
                0x00002e76                H_EXT_EEPROM_void_Write
 .text.H_EXT_EEPROM_void_Init
                0x00002ea6        0x6 ./HAL/EXT_EEPROM/EXT_EEPROM_prog.o
                0x00002ea6                H_EXT_EEPROM_void_Init
 .text.H_Buzzer_void_Buzztwice
                0x00002eac       0x66 ./HAL/Buzzer/Buzzer_prg.o
                0x00002eac                H_Buzzer_void_Buzztwice
 .text.H_Buzzer_void_BuzzOnce
                0x00002f12       0x2a ./HAL/Buzzer/Buzzer_prg.o
                0x00002f12                H_Buzzer_void_BuzzOnce
 .text.H_Buzzer_void_SetOFF
                0x00002f3c        0xc ./HAL/Buzzer/Buzzer_prg.o
                0x00002f3c                H_Buzzer_void_SetOFF
 .text.H_Buzzer_void_SetON
                0x00002f48        0xc ./HAL/Buzzer/Buzzer_prg.o
                0x00002f48                H_Buzzer_void_SetON
 .text.H_Buzzer_void_Init
                0x00002f54        0xc ./HAL/Buzzer/Buzzer_prg.o
                0x00002f54                H_Buzzer_void_Init
 .text.A_Timer0Exc
                0x00002f60        0x8 ./APP/main.o
                0x00002f60                A_Timer0Exc
 .text.main     0x00002f68       0x70 ./APP/main.o
                0x00002f68                main
 .text.libgcc   0x00002fd8       0x3e d:/e_s_diploma/5_interfacing/2_embedded_c/4_software/1_ide/sdk_win_64/sdk_win_64/winavr/bin/../lib/gcc/avr/4.3.3/avr5\libgcc.a(_mulsi3.o)
                0x00002fd8                __mulsi3
 .text.libgcc   0x00003016       0x18 d:/e_s_diploma/5_interfacing/2_embedded_c/4_software/1_ide/sdk_win_64/sdk_win_64/winavr/bin/../lib/gcc/avr/4.3.3/avr5\libgcc.a(_udivmodqi4.o)
                0x00003016                __udivmodqi4
 .text.libgcc   0x0000302e       0x26 d:/e_s_diploma/5_interfacing/2_embedded_c/4_software/1_ide/sdk_win_64/sdk_win_64/winavr/bin/../lib/gcc/avr/4.3.3/avr5\libgcc.a(_divmodhi4.o)
                0x0000302e                __divmodhi4
                0x0000302e                _div
 .text.libgcc   0x00003054       0x44 d:/e_s_diploma/5_interfacing/2_embedded_c/4_software/1_ide/sdk_win_64/sdk_win_64/winavr/bin/../lib/gcc/avr/4.3.3/avr5\libgcc.a(_udivmodsi4.o)
                0x00003054                __udivmodsi4
 .text.libgcc   0x00003098       0x36 d:/e_s_diploma/5_interfacing/2_embedded_c/4_software/1_ide/sdk_win_64/sdk_win_64/winavr/bin/../lib/gcc/avr/4.3.3/avr5\libgcc.a(_divmodsi4.o)
                0x00003098                __divmodsi4
 .text.libgcc   0x000030ce        0x0 d:/e_s_diploma/5_interfacing/2_embedded_c/4_software/1_ide/sdk_win_64/sdk_win_64/winavr/bin/../lib/gcc/avr/4.3.3/avr5\libgcc.a(_exit.o)
 .text.libgcc   0x000030ce        0x0 d:/e_s_diploma/5_interfacing/2_embedded_c/4_software/1_ide/sdk_win_64/sdk_win_64/winavr/bin/../lib/gcc/avr/4.3.3/avr5\libgcc.a(_copy_data.o)
 .text.libgcc   0x000030ce        0x0 d:/e_s_diploma/5_interfacing/2_embedded_c/4_software/1_ide/sdk_win_64/sdk_win_64/winavr/bin/../lib/gcc/avr/4.3.3/avr5\libgcc.a(_clear_bss.o)
 .text.libgcc   0x000030ce       0x28 d:/e_s_diploma/5_interfacing/2_embedded_c/4_software/1_ide/sdk_win_64/sdk_win_64/winavr/bin/../lib/gcc/avr/4.3.3/avr5\libgcc.a(_udivmodhi4.o)
                0x000030ce                __udivmodhi4
 .text.libgcc   0x000030f6       0x38 d:/e_s_diploma/5_interfacing/2_embedded_c/4_software/1_ide/sdk_win_64/sdk_win_64/winavr/bin/../lib/gcc/avr/4.3.3/avr5\libgcc.a(_prologue.o)
                0x000030f6                __prologue_saves__
 .text.libgcc   0x0000312e       0x36 d:/e_s_diploma/5_interfacing/2_embedded_c/4_software/1_ide/sdk_win_64/sdk_win_64/winavr/bin/../lib/gcc/avr/4.3.3/avr5\libgcc.a(_epilogue.o)
                0x0000312e                __epilogue_restores__
 .text.avr-libc.fplib
                0x00003164       0x9c d:/e_s_diploma/5_interfacing/2_embedded_c/4_software/1_ide/sdk_win_64/sdk_win_64/winavr/bin/../lib/gcc/avr/4.3.3/../../../../avr/lib/avr5\libc.a(fmod.o)
                0x00003172                fmod
 .text.avr-libc.fplib
                0x00003200       0x1c d:/e_s_diploma/5_interfacing/2_embedded_c/4_software/1_ide/sdk_win_64/sdk_win_64/winavr/bin/../lib/gcc/avr/4.3.3/../../../../avr/lib/avr5\libc.a(fp_mpack.o)
                0x00003204                __fp_mpack_finite
                0x00003200                __fp_mpack
 .text.avr-libc.fplib
                0x0000321c        0x6 d:/e_s_diploma/5_interfacing/2_embedded_c/4_software/1_ide/sdk_win_64/sdk_win_64/winavr/bin/../lib/gcc/avr/4.3.3/../../../../avr/lib/avr5\libc.a(fp_nan.o)
                0x0000321c                __fp_nan
 .text.avr-libc.fplib
                0x00003222        0xe d:/e_s_diploma/5_interfacing/2_embedded_c/4_software/1_ide/sdk_win_64/sdk_win_64/winavr/bin/../lib/gcc/avr/4.3.3/../../../../avr/lib/avr5\libc.a(fp_pscA.o)
                0x00003222                __fp_pscA
 .text.avr-libc.fplib
                0x00003230        0xe d:/e_s_diploma/5_interfacing/2_embedded_c/4_software/1_ide/sdk_win_64/sdk_win_64/winavr/bin/../lib/gcc/avr/4.3.3/../../../../avr/lib/avr5\libc.a(fp_pscB.o)
                0x00003230                __fp_pscB
 .text.avr-libc.fplib
                0x0000323e       0x44 d:/e_s_diploma/5_interfacing/2_embedded_c/4_software/1_ide/sdk_win_64/sdk_win_64/winavr/bin/../lib/gcc/avr/4.3.3/../../../../avr/lib/avr5\libc.a(fp_split3.o)
                0x0000323e                __fp_split3
                0x0000324e                __fp_splitA
 .text.avr-libc.fplib
                0x00003282        0xe d:/e_s_diploma/5_interfacing/2_embedded_c/4_software/1_ide/sdk_win_64/sdk_win_64/winavr/bin/../lib/gcc/avr/4.3.3/../../../../avr/lib/avr5\libc.a(fp_zero.o)
                0x00003282                __fp_zero
                0x00003284                __fp_szero
                0x00003290                . = ALIGN (0x2)
 *(.fini9)
 .fini9         0x00003290        0x0 d:/e_s_diploma/5_interfacing/2_embedded_c/4_software/1_ide/sdk_win_64/sdk_win_64/winavr/bin/../lib/gcc/avr/4.3.3/avr5\libgcc.a(_exit.o)
                0x00003290                exit
                0x00003290                _exit
 *(.fini9)
 *(.fini8)
 *(.fini8)
 *(.fini7)
 *(.fini7)
 *(.fini6)
 *(.fini6)
 *(.fini5)
 *(.fini5)
 *(.fini4)
 *(.fini4)
 *(.fini3)
 *(.fini3)
 *(.fini2)
 *(.fini2)
 *(.fini1)
 *(.fini1)
 *(.fini0)
 .fini0         0x00003290        0x4 d:/e_s_diploma/5_interfacing/2_embedded_c/4_software/1_ide/sdk_win_64/sdk_win_64/winavr/bin/../lib/gcc/avr/4.3.3/avr5\libgcc.a(_exit.o)
 *(.fini0)
                0x00003294                _etext = .

.data           0x00800060      0x118 load address 0x00003294
                0x00800060                PROVIDE (__data_start, .)
 *(.data)
 .data          0x00800060        0x0 d:/e_s_diploma/5_interfacing/2_embedded_c/4_software/1_ide/sdk_win_64/sdk_win_64/winavr/bin/../lib/gcc/avr/4.3.3/../../../../avr/lib/avr5/crtm32.o
 .data          0x00800060        0x0 ./MCAL/WDT/WDT_prog.o
 .data          0x00800060        0x0 ./MCAL/UART/UART_prog.o
 .data          0x00800060        0x0 ./MCAL/TWI/TWI_prog.o
 .data          0x00800060        0x0 ./MCAL/TIMER1/TIMER1_prog.o
 .data          0x00800060        0x0 ./MCAL/TIMER0/TIMER0_prog.o
 .data          0x00800060        0x0 ./MCAL/SPI/SPI_prog.o
 .data          0x00800060        0x0 ./MCAL/GIE/GIE_prg.o
 .data          0x00800060        0x0 ./MCAL/EXTI/EXTI_prg.o
 .data          0x00800060        0x0 ./MCAL/DIO/DIO_prg.o
 .data          0x00800060        0x0 ./MCAL/ADC/ADC_prg.o
 .data          0x00800060        0x0 ./HAL/TEMP_SENSOR/TEMP_SENSOR_prg.o
 .data          0x00800060        0x0 ./HAL/SSD/SSD_prg.o
 .data          0x00800060        0x0 ./HAL/SERVO/SERVO_prog.o
 .data          0x00800060        0x0 ./HAL/PB/PB_prg.o
 .data          0x00800060        0x0 ./HAL/LED/LED_prg.o
 .data          0x00800060        0x0 ./HAL/LCD/LCD_prg.o
 .data          0x00800060        0x0 ./HAL/KeyPad/Keypad_prg.o
 .data          0x00800060        0x0 ./HAL/EXT_EEPROM/EXT_EEPROM_prog.o
 .data          0x00800060        0x0 ./HAL/Buzzer/Buzzer_prg.o
 .data          0x00800060        0x0 ./APP/main.o
 .data          0x00800060        0x0 d:/e_s_diploma/5_interfacing/2_embedded_c/4_software/1_ide/sdk_win_64/sdk_win_64/winavr/bin/../lib/gcc/avr/4.3.3/avr5\libgcc.a(_mulsi3.o)
 .data          0x00800060        0x0 d:/e_s_diploma/5_interfacing/2_embedded_c/4_software/1_ide/sdk_win_64/sdk_win_64/winavr/bin/../lib/gcc/avr/4.3.3/avr5\libgcc.a(_udivmodqi4.o)
 .data          0x00800060        0x0 d:/e_s_diploma/5_interfacing/2_embedded_c/4_software/1_ide/sdk_win_64/sdk_win_64/winavr/bin/../lib/gcc/avr/4.3.3/avr5\libgcc.a(_divmodhi4.o)
 .data          0x00800060        0x0 d:/e_s_diploma/5_interfacing/2_embedded_c/4_software/1_ide/sdk_win_64/sdk_win_64/winavr/bin/../lib/gcc/avr/4.3.3/avr5\libgcc.a(_udivmodsi4.o)
 .data          0x00800060        0x0 d:/e_s_diploma/5_interfacing/2_embedded_c/4_software/1_ide/sdk_win_64/sdk_win_64/winavr/bin/../lib/gcc/avr/4.3.3/avr5\libgcc.a(_divmodsi4.o)
 .data          0x00800060        0x0 d:/e_s_diploma/5_interfacing/2_embedded_c/4_software/1_ide/sdk_win_64/sdk_win_64/winavr/bin/../lib/gcc/avr/4.3.3/avr5\libgcc.a(_exit.o)
 .data          0x00800060        0x0 d:/e_s_diploma/5_interfacing/2_embedded_c/4_software/1_ide/sdk_win_64/sdk_win_64/winavr/bin/../lib/gcc/avr/4.3.3/avr5\libgcc.a(_copy_data.o)
 .data          0x00800060        0x0 d:/e_s_diploma/5_interfacing/2_embedded_c/4_software/1_ide/sdk_win_64/sdk_win_64/winavr/bin/../lib/gcc/avr/4.3.3/avr5\libgcc.a(_clear_bss.o)
 .data          0x00800060        0x0 d:/e_s_diploma/5_interfacing/2_embedded_c/4_software/1_ide/sdk_win_64/sdk_win_64/winavr/bin/../lib/gcc/avr/4.3.3/avr5\libgcc.a(_fixunssfsi.o)
 .data          0x00800060        0x0 d:/e_s_diploma/5_interfacing/2_embedded_c/4_software/1_ide/sdk_win_64/sdk_win_64/winavr/bin/../lib/gcc/avr/4.3.3/avr5\libgcc.a(_addsub_sf.o)
 .data          0x00800060        0x0 d:/e_s_diploma/5_interfacing/2_embedded_c/4_software/1_ide/sdk_win_64/sdk_win_64/winavr/bin/../lib/gcc/avr/4.3.3/avr5\libgcc.a(_mul_sf.o)
 .data          0x00800060        0x0 d:/e_s_diploma/5_interfacing/2_embedded_c/4_software/1_ide/sdk_win_64/sdk_win_64/winavr/bin/../lib/gcc/avr/4.3.3/avr5\libgcc.a(_div_sf.o)
 .data          0x00800060        0x0 d:/e_s_diploma/5_interfacing/2_embedded_c/4_software/1_ide/sdk_win_64/sdk_win_64/winavr/bin/../lib/gcc/avr/4.3.3/avr5\libgcc.a(_ge_sf.o)
 .data          0x00800060        0x0 d:/e_s_diploma/5_interfacing/2_embedded_c/4_software/1_ide/sdk_win_64/sdk_win_64/winavr/bin/../lib/gcc/avr/4.3.3/avr5\libgcc.a(_si_to_sf.o)
 .data          0x00800060        0x0 d:/e_s_diploma/5_interfacing/2_embedded_c/4_software/1_ide/sdk_win_64/sdk_win_64/winavr/bin/../lib/gcc/avr/4.3.3/avr5\libgcc.a(_sf_to_si.o)
 .data          0x00800060        0x8 d:/e_s_diploma/5_interfacing/2_embedded_c/4_software/1_ide/sdk_win_64/sdk_win_64/winavr/bin/../lib/gcc/avr/4.3.3/avr5\libgcc.a(_thenan_sf.o)
                0x00800060                __thenan_sf
 .data          0x00800068        0x0 d:/e_s_diploma/5_interfacing/2_embedded_c/4_software/1_ide/sdk_win_64/sdk_win_64/winavr/bin/../lib/gcc/avr/4.3.3/avr5\libgcc.a(_usi_to_sf.o)
 .data          0x00800068        0x0 d:/e_s_diploma/5_interfacing/2_embedded_c/4_software/1_ide/sdk_win_64/sdk_win_64/winavr/bin/../lib/gcc/avr/4.3.3/avr5\libgcc.a(_udivmodhi4.o)
 .data          0x00800068        0x0 d:/e_s_diploma/5_interfacing/2_embedded_c/4_software/1_ide/sdk_win_64/sdk_win_64/winavr/bin/../lib/gcc/avr/4.3.3/avr5\libgcc.a(_prologue.o)
 .data          0x00800068        0x0 d:/e_s_diploma/5_interfacing/2_embedded_c/4_software/1_ide/sdk_win_64/sdk_win_64/winavr/bin/../lib/gcc/avr/4.3.3/avr5\libgcc.a(_epilogue.o)
 .data          0x00800068        0x0 d:/e_s_diploma/5_interfacing/2_embedded_c/4_software/1_ide/sdk_win_64/sdk_win_64/winavr/bin/../lib/gcc/avr/4.3.3/avr5\libgcc.a(_clzsi2.o)
 .data          0x00800068        0x0 d:/e_s_diploma/5_interfacing/2_embedded_c/4_software/1_ide/sdk_win_64/sdk_win_64/winavr/bin/../lib/gcc/avr/4.3.3/avr5\libgcc.a(_pack_sf.o)
 .data          0x00800068        0x0 d:/e_s_diploma/5_interfacing/2_embedded_c/4_software/1_ide/sdk_win_64/sdk_win_64/winavr/bin/../lib/gcc/avr/4.3.3/avr5\libgcc.a(_unpack_sf.o)
 .data          0x00800068        0x0 d:/e_s_diploma/5_interfacing/2_embedded_c/4_software/1_ide/sdk_win_64/sdk_win_64/winavr/bin/../lib/gcc/avr/4.3.3/avr5\libgcc.a(_fpcmp_parts_sf.o)
 .data          0x00800068      0x100 d:/e_s_diploma/5_interfacing/2_embedded_c/4_software/1_ide/sdk_win_64/sdk_win_64/winavr/bin/../lib/gcc/avr/4.3.3/avr5\libgcc.a(_clz.o)
                0x00800068                __clz_tab
 .data          0x00800168        0x0 d:/e_s_diploma/5_interfacing/2_embedded_c/4_software/1_ide/sdk_win_64/sdk_win_64/winavr/bin/../lib/gcc/avr/4.3.3/../../../../avr/lib/avr5\libc.a(fmod.o)
 .data          0x00800168        0x0 d:/e_s_diploma/5_interfacing/2_embedded_c/4_software/1_ide/sdk_win_64/sdk_win_64/winavr/bin/../lib/gcc/avr/4.3.3/../../../../avr/lib/avr5\libc.a(fp_mpack.o)
 .data          0x00800168        0x0 d:/e_s_diploma/5_interfacing/2_embedded_c/4_software/1_ide/sdk_win_64/sdk_win_64/winavr/bin/../lib/gcc/avr/4.3.3/../../../../avr/lib/avr5\libc.a(fp_nan.o)
 .data          0x00800168        0x0 d:/e_s_diploma/5_interfacing/2_embedded_c/4_software/1_ide/sdk_win_64/sdk_win_64/winavr/bin/../lib/gcc/avr/4.3.3/../../../../avr/lib/avr5\libc.a(fp_pscA.o)
 .data          0x00800168        0x0 d:/e_s_diploma/5_interfacing/2_embedded_c/4_software/1_ide/sdk_win_64/sdk_win_64/winavr/bin/../lib/gcc/avr/4.3.3/../../../../avr/lib/avr5\libc.a(fp_pscB.o)
 .data          0x00800168        0x0 d:/e_s_diploma/5_interfacing/2_embedded_c/4_software/1_ide/sdk_win_64/sdk_win_64/winavr/bin/../lib/gcc/avr/4.3.3/../../../../avr/lib/avr5\libc.a(fp_split3.o)
 .data          0x00800168        0x0 d:/e_s_diploma/5_interfacing/2_embedded_c/4_software/1_ide/sdk_win_64/sdk_win_64/winavr/bin/../lib/gcc/avr/4.3.3/../../../../avr/lib/avr5\libc.a(fp_zero.o)
 *(.data*)
 *(.rodata)
 *(.rodata*)
 .rodata.C.0.1287
                0x00800168       0x10 ./HAL/KeyPad/Keypad_prg.o
 *(.gnu.linkonce.d*)
                0x00800178                . = ALIGN (0x2)
                0x00800178                _edata = .
                0x00800178                PROVIDE (__data_end, .)

.bss            0x00800178       0x15
                0x00800178                PROVIDE (__bss_start, .)
 *(.bss)
 .bss           0x00800178        0x0 d:/e_s_diploma/5_interfacing/2_embedded_c/4_software/1_ide/sdk_win_64/sdk_win_64/winavr/bin/../lib/gcc/avr/4.3.3/../../../../avr/lib/avr5/crtm32.o
 .bss           0x00800178        0x0 ./MCAL/WDT/WDT_prog.o
 .bss           0x00800178        0x0 ./MCAL/UART/UART_prog.o
 .bss           0x00800178        0x0 ./MCAL/TWI/TWI_prog.o
 .bss           0x00800178        0x0 ./MCAL/TIMER1/TIMER1_prog.o
 .bss           0x00800178        0x0 ./MCAL/TIMER0/TIMER0_prog.o
 .bss           0x00800178        0x0 ./MCAL/SPI/SPI_prog.o
 .bss           0x00800178        0x0 ./MCAL/GIE/GIE_prg.o
 .bss           0x00800178        0x0 ./MCAL/EXTI/EXTI_prg.o
 .bss           0x00800178        0x0 ./MCAL/DIO/DIO_prg.o
 .bss           0x00800178        0x0 ./MCAL/ADC/ADC_prg.o
 .bss           0x00800178        0x0 ./HAL/TEMP_SENSOR/TEMP_SENSOR_prg.o
 .bss           0x00800178        0x0 ./HAL/SSD/SSD_prg.o
 .bss           0x00800178        0x0 ./HAL/SERVO/SERVO_prog.o
 .bss           0x00800178        0x0 ./HAL/PB/PB_prg.o
 .bss           0x00800178        0x0 ./HAL/LED/LED_prg.o
 .bss           0x00800178        0x0 ./HAL/LCD/LCD_prg.o
 .bss           0x00800178        0x0 ./HAL/KeyPad/Keypad_prg.o
 .bss           0x00800178        0x0 ./HAL/EXT_EEPROM/EXT_EEPROM_prog.o
 .bss           0x00800178        0x0 ./HAL/Buzzer/Buzzer_prg.o
 .bss           0x00800178        0x0 ./APP/main.o
 .bss           0x00800178        0x0 d:/e_s_diploma/5_interfacing/2_embedded_c/4_software/1_ide/sdk_win_64/sdk_win_64/winavr/bin/../lib/gcc/avr/4.3.3/avr5\libgcc.a(_mulsi3.o)
 .bss           0x00800178        0x0 d:/e_s_diploma/5_interfacing/2_embedded_c/4_software/1_ide/sdk_win_64/sdk_win_64/winavr/bin/../lib/gcc/avr/4.3.3/avr5\libgcc.a(_udivmodqi4.o)
 .bss           0x00800178        0x0 d:/e_s_diploma/5_interfacing/2_embedded_c/4_software/1_ide/sdk_win_64/sdk_win_64/winavr/bin/../lib/gcc/avr/4.3.3/avr5\libgcc.a(_divmodhi4.o)
 .bss           0x00800178        0x0 d:/e_s_diploma/5_interfacing/2_embedded_c/4_software/1_ide/sdk_win_64/sdk_win_64/winavr/bin/../lib/gcc/avr/4.3.3/avr5\libgcc.a(_udivmodsi4.o)
 .bss           0x00800178        0x0 d:/e_s_diploma/5_interfacing/2_embedded_c/4_software/1_ide/sdk_win_64/sdk_win_64/winavr/bin/../lib/gcc/avr/4.3.3/avr5\libgcc.a(_divmodsi4.o)
 .bss           0x00800178        0x0 d:/e_s_diploma/5_interfacing/2_embedded_c/4_software/1_ide/sdk_win_64/sdk_win_64/winavr/bin/../lib/gcc/avr/4.3.3/avr5\libgcc.a(_exit.o)
 .bss           0x00800178        0x0 d:/e_s_diploma/5_interfacing/2_embedded_c/4_software/1_ide/sdk_win_64/sdk_win_64/winavr/bin/../lib/gcc/avr/4.3.3/avr5\libgcc.a(_copy_data.o)
 .bss           0x00800178        0x0 d:/e_s_diploma/5_interfacing/2_embedded_c/4_software/1_ide/sdk_win_64/sdk_win_64/winavr/bin/../lib/gcc/avr/4.3.3/avr5\libgcc.a(_clear_bss.o)
 .bss           0x00800178        0x0 d:/e_s_diploma/5_interfacing/2_embedded_c/4_software/1_ide/sdk_win_64/sdk_win_64/winavr/bin/../lib/gcc/avr/4.3.3/avr5\libgcc.a(_fixunssfsi.o)
 .bss           0x00800178        0x0 d:/e_s_diploma/5_interfacing/2_embedded_c/4_software/1_ide/sdk_win_64/sdk_win_64/winavr/bin/../lib/gcc/avr/4.3.3/avr5\libgcc.a(_addsub_sf.o)
 .bss           0x00800178        0x0 d:/e_s_diploma/5_interfacing/2_embedded_c/4_software/1_ide/sdk_win_64/sdk_win_64/winavr/bin/../lib/gcc/avr/4.3.3/avr5\libgcc.a(_mul_sf.o)
 .bss           0x00800178        0x0 d:/e_s_diploma/5_interfacing/2_embedded_c/4_software/1_ide/sdk_win_64/sdk_win_64/winavr/bin/../lib/gcc/avr/4.3.3/avr5\libgcc.a(_div_sf.o)
 .bss           0x00800178        0x0 d:/e_s_diploma/5_interfacing/2_embedded_c/4_software/1_ide/sdk_win_64/sdk_win_64/winavr/bin/../lib/gcc/avr/4.3.3/avr5\libgcc.a(_ge_sf.o)
 .bss           0x00800178        0x0 d:/e_s_diploma/5_interfacing/2_embedded_c/4_software/1_ide/sdk_win_64/sdk_win_64/winavr/bin/../lib/gcc/avr/4.3.3/avr5\libgcc.a(_si_to_sf.o)
 .bss           0x00800178        0x0 d:/e_s_diploma/5_interfacing/2_embedded_c/4_software/1_ide/sdk_win_64/sdk_win_64/winavr/bin/../lib/gcc/avr/4.3.3/avr5\libgcc.a(_sf_to_si.o)
 .bss           0x00800178        0x0 d:/e_s_diploma/5_interfacing/2_embedded_c/4_software/1_ide/sdk_win_64/sdk_win_64/winavr/bin/../lib/gcc/avr/4.3.3/avr5\libgcc.a(_thenan_sf.o)
 .bss           0x00800178        0x0 d:/e_s_diploma/5_interfacing/2_embedded_c/4_software/1_ide/sdk_win_64/sdk_win_64/winavr/bin/../lib/gcc/avr/4.3.3/avr5\libgcc.a(_usi_to_sf.o)
 .bss           0x00800178        0x0 d:/e_s_diploma/5_interfacing/2_embedded_c/4_software/1_ide/sdk_win_64/sdk_win_64/winavr/bin/../lib/gcc/avr/4.3.3/avr5\libgcc.a(_udivmodhi4.o)
 .bss           0x00800178        0x0 d:/e_s_diploma/5_interfacing/2_embedded_c/4_software/1_ide/sdk_win_64/sdk_win_64/winavr/bin/../lib/gcc/avr/4.3.3/avr5\libgcc.a(_prologue.o)
 .bss           0x00800178        0x0 d:/e_s_diploma/5_interfacing/2_embedded_c/4_software/1_ide/sdk_win_64/sdk_win_64/winavr/bin/../lib/gcc/avr/4.3.3/avr5\libgcc.a(_epilogue.o)
 .bss           0x00800178        0x0 d:/e_s_diploma/5_interfacing/2_embedded_c/4_software/1_ide/sdk_win_64/sdk_win_64/winavr/bin/../lib/gcc/avr/4.3.3/avr5\libgcc.a(_clzsi2.o)
 .bss           0x00800178        0x0 d:/e_s_diploma/5_interfacing/2_embedded_c/4_software/1_ide/sdk_win_64/sdk_win_64/winavr/bin/../lib/gcc/avr/4.3.3/avr5\libgcc.a(_pack_sf.o)
 .bss           0x00800178        0x0 d:/e_s_diploma/5_interfacing/2_embedded_c/4_software/1_ide/sdk_win_64/sdk_win_64/winavr/bin/../lib/gcc/avr/4.3.3/avr5\libgcc.a(_unpack_sf.o)
 .bss           0x00800178        0x0 d:/e_s_diploma/5_interfacing/2_embedded_c/4_software/1_ide/sdk_win_64/sdk_win_64/winavr/bin/../lib/gcc/avr/4.3.3/avr5\libgcc.a(_fpcmp_parts_sf.o)
 .bss           0x00800178        0x0 d:/e_s_diploma/5_interfacing/2_embedded_c/4_software/1_ide/sdk_win_64/sdk_win_64/winavr/bin/../lib/gcc/avr/4.3.3/avr5\libgcc.a(_clz.o)
 .bss           0x00800178        0x0 d:/e_s_diploma/5_interfacing/2_embedded_c/4_software/1_ide/sdk_win_64/sdk_win_64/winavr/bin/../lib/gcc/avr/4.3.3/../../../../avr/lib/avr5\libc.a(fmod.o)
 .bss           0x00800178        0x0 d:/e_s_diploma/5_interfacing/2_embedded_c/4_software/1_ide/sdk_win_64/sdk_win_64/winavr/bin/../lib/gcc/avr/4.3.3/../../../../avr/lib/avr5\libc.a(fp_mpack.o)
 .bss           0x00800178        0x0 d:/e_s_diploma/5_interfacing/2_embedded_c/4_software/1_ide/sdk_win_64/sdk_win_64/winavr/bin/../lib/gcc/avr/4.3.3/../../../../avr/lib/avr5\libc.a(fp_nan.o)
 .bss           0x00800178        0x0 d:/e_s_diploma/5_interfacing/2_embedded_c/4_software/1_ide/sdk_win_64/sdk_win_64/winavr/bin/../lib/gcc/avr/4.3.3/../../../../avr/lib/avr5\libc.a(fp_pscA.o)
 .bss           0x00800178        0x0 d:/e_s_diploma/5_interfacing/2_embedded_c/4_software/1_ide/sdk_win_64/sdk_win_64/winavr/bin/../lib/gcc/avr/4.3.3/../../../../avr/lib/avr5\libc.a(fp_pscB.o)
 .bss           0x00800178        0x0 d:/e_s_diploma/5_interfacing/2_embedded_c/4_software/1_ide/sdk_win_64/sdk_win_64/winavr/bin/../lib/gcc/avr/4.3.3/../../../../avr/lib/avr5\libc.a(fp_split3.o)
 .bss           0x00800178        0x0 d:/e_s_diploma/5_interfacing/2_embedded_c/4_software/1_ide/sdk_win_64/sdk_win_64/winavr/bin/../lib/gcc/avr/4.3.3/../../../../avr/lib/avr5\libc.a(fp_zero.o)
 *(.bss*)
 .bss.Timer0_u32NumOfOv
                0x00800178        0x4 ./MCAL/TIMER0/TIMER0_prog.o
                0x00800178                Timer0_u32NumOfOv
 .bss.Timer0_u8RemTicks
                0x0080017c        0x1 ./MCAL/TIMER0/TIMER0_prog.o
                0x0080017c                Timer0_u8RemTicks
 .bss.Timer0_u32NumOfCm
                0x0080017d        0x4 ./MCAL/TIMER0/TIMER0_prog.o
                0x0080017d                Timer0_u32NumOfCm
 .bss.Local_u32Counter.1343
                0x00800181        0x4 ./MCAL/TIMER0/TIMER0_prog.o
 .bss.ptr_ArrCallBack
                0x00800185        0x6 ./MCAL/EXTI/EXTI_prg.o
 *(COMMON)
 COMMON         0x0080018b        0x2 ./MCAL/TIMER0/TIMER0_prog.o
                0x0080018b                CallBack
                0x0080018d                PROVIDE (__bss_end, .)
                0x00003294                __data_load_start = LOADADDR (.data)
                0x000033ac                __data_load_end = (__data_load_start + SIZEOF (.data))

.noinit         0x0080018d        0x0
                0x0080018d                PROVIDE (__noinit_start, .)
 *(.noinit*)
                0x0080018d                PROVIDE (__noinit_end, .)
                0x0080018d                _end = .
                0x0080018d                PROVIDE (__heap_start, .)

.eeprom         0x00810000        0x0
 *(.eeprom*)
                0x00810000                __eeprom_end = .

.fuse
 *(.fuse)
 *(.lfuse)
 *(.hfuse)
 *(.efuse)

.lock
 *(.lock*)

.signature
 *(.signature*)

.stab           0x00000000     0x501c
 *(.stab)
 .stab          0x00000000      0x228 ./MCAL/WDT/WDT_prog.o
 .stab          0x00000228      0x2ac ./MCAL/UART/UART_prog.o
                                0x330 (size before relaxing)
 .stab          0x000004d4      0x408 ./MCAL/TWI/TWI_prog.o
                                0x498 (size before relaxing)
 .stab          0x000008dc      0x27c ./MCAL/TIMER1/TIMER1_prog.o
                                0x300 (size before relaxing)
 .stab          0x00000b58      0x66c ./MCAL/TIMER0/TIMER0_prog.o
                                0x6f0 (size before relaxing)
 .stab          0x000011c4      0x1c8 ./MCAL/SPI/SPI_prog.o
                                0x24c (size before relaxing)
 .stab          0x0000138c      0x144 ./MCAL/GIE/GIE_prg.o
                                0x1c8 (size before relaxing)
 .stab          0x000014d0      0x2f4 ./MCAL/EXTI/EXTI_prg.o
                                0x534 (size before relaxing)
 .stab          0x000017c4      0x36c ./MCAL/DIO/DIO_prg.o
                                0x3f0 (size before relaxing)
 .stab          0x00001b30      0x234 ./MCAL/ADC/ADC_prg.o
                                0x2b8 (size before relaxing)
 .stab          0x00001d64      0x18c ./HAL/TEMP_SENSOR/TEMP_SENSOR_prg.o
                                0x210 (size before relaxing)
 .stab          0x00001ef0     0x11b8 ./HAL/SSD/SSD_prg.o
                               0x13bc (size before relaxing)
 .stab          0x000030a8      0x1ec ./HAL/SERVO/SERVO_prog.o
                                0x270 (size before relaxing)
 .stab          0x00003294      0x3b4 ./HAL/PB/PB_prg.o
                                0x5d0 (size before relaxing)
 .stab          0x00003648      0x234 ./HAL/LED/LED_prg.o
                                0x2b8 (size before relaxing)
 .stab          0x0000387c      0x8ac ./HAL/LCD/LCD_prg.o
                                0xac8 (size before relaxing)
 .stab          0x00004128      0x3fc ./HAL/KeyPad/Keypad_prg.o
                                0x618 (size before relaxing)
 .stab          0x00004524      0x288 ./HAL/EXT_EEPROM/EXT_EEPROM_prog.o
                                0x318 (size before relaxing)
 .stab          0x000047ac      0x474 ./HAL/Buzzer/Buzzer_prg.o
                                0x690 (size before relaxing)
 .stab          0x00004c20      0x3fc ./APP/main.o
                                0x678 (size before relaxing)

.stabstr        0x00000000     0x200e
 *(.stabstr)
 .stabstr       0x00000000     0x200e ./MCAL/WDT/WDT_prog.o

.stab.excl
 *(.stab.excl)

.stab.exclstr
 *(.stab.exclstr)

.stab.index
 *(.stab.index)

.stab.indexstr
 *(.stab.indexstr)

.comment
 *(.comment)

.debug
 *(.debug)

.line
 *(.line)

.debug_srcinfo
 *(.debug_srcinfo)

.debug_sfnames
 *(.debug_sfnames)

.debug_aranges  0x00000000      0x180
 *(.debug_aranges)
 .debug_aranges
                0x00000000       0x20 d:/e_s_diploma/5_interfacing/2_embedded_c/4_software/1_ide/sdk_win_64/sdk_win_64/winavr/bin/../lib/gcc/avr/4.3.3/avr5\libgcc.a(_fixunssfsi.o)
 .debug_aranges
                0x00000020       0x20 d:/e_s_diploma/5_interfacing/2_embedded_c/4_software/1_ide/sdk_win_64/sdk_win_64/winavr/bin/../lib/gcc/avr/4.3.3/avr5\libgcc.a(_addsub_sf.o)
 .debug_aranges
                0x00000040       0x20 d:/e_s_diploma/5_interfacing/2_embedded_c/4_software/1_ide/sdk_win_64/sdk_win_64/winavr/bin/../lib/gcc/avr/4.3.3/avr5\libgcc.a(_mul_sf.o)
 .debug_aranges
                0x00000060       0x20 d:/e_s_diploma/5_interfacing/2_embedded_c/4_software/1_ide/sdk_win_64/sdk_win_64/winavr/bin/../lib/gcc/avr/4.3.3/avr5\libgcc.a(_div_sf.o)
 .debug_aranges
                0x00000080       0x20 d:/e_s_diploma/5_interfacing/2_embedded_c/4_software/1_ide/sdk_win_64/sdk_win_64/winavr/bin/../lib/gcc/avr/4.3.3/avr5\libgcc.a(_ge_sf.o)
 .debug_aranges
                0x000000a0       0x20 d:/e_s_diploma/5_interfacing/2_embedded_c/4_software/1_ide/sdk_win_64/sdk_win_64/winavr/bin/../lib/gcc/avr/4.3.3/avr5\libgcc.a(_si_to_sf.o)
 .debug_aranges
                0x000000c0       0x20 d:/e_s_diploma/5_interfacing/2_embedded_c/4_software/1_ide/sdk_win_64/sdk_win_64/winavr/bin/../lib/gcc/avr/4.3.3/avr5\libgcc.a(_sf_to_si.o)
 .debug_aranges
                0x000000e0       0x20 d:/e_s_diploma/5_interfacing/2_embedded_c/4_software/1_ide/sdk_win_64/sdk_win_64/winavr/bin/../lib/gcc/avr/4.3.3/avr5\libgcc.a(_usi_to_sf.o)
 .debug_aranges
                0x00000100       0x20 d:/e_s_diploma/5_interfacing/2_embedded_c/4_software/1_ide/sdk_win_64/sdk_win_64/winavr/bin/../lib/gcc/avr/4.3.3/avr5\libgcc.a(_clzsi2.o)
 .debug_aranges
                0x00000120       0x20 d:/e_s_diploma/5_interfacing/2_embedded_c/4_software/1_ide/sdk_win_64/sdk_win_64/winavr/bin/../lib/gcc/avr/4.3.3/avr5\libgcc.a(_pack_sf.o)
 .debug_aranges
                0x00000140       0x20 d:/e_s_diploma/5_interfacing/2_embedded_c/4_software/1_ide/sdk_win_64/sdk_win_64/winavr/bin/../lib/gcc/avr/4.3.3/avr5\libgcc.a(_unpack_sf.o)
 .debug_aranges
                0x00000160       0x20 d:/e_s_diploma/5_interfacing/2_embedded_c/4_software/1_ide/sdk_win_64/sdk_win_64/winavr/bin/../lib/gcc/avr/4.3.3/avr5\libgcc.a(_fpcmp_parts_sf.o)

.debug_pubnames
                0x00000000      0x1d8
 *(.debug_pubnames)
 .debug_pubnames
                0x00000000       0x23 d:/e_s_diploma/5_interfacing/2_embedded_c/4_software/1_ide/sdk_win_64/sdk_win_64/winavr/bin/../lib/gcc/avr/4.3.3/avr5\libgcc.a(_fixunssfsi.o)
 .debug_pubnames
                0x00000023       0x2c d:/e_s_diploma/5_interfacing/2_embedded_c/4_software/1_ide/sdk_win_64/sdk_win_64/winavr/bin/../lib/gcc/avr/4.3.3/avr5\libgcc.a(_addsub_sf.o)
 .debug_pubnames
                0x0000004f       0x1f d:/e_s_diploma/5_interfacing/2_embedded_c/4_software/1_ide/sdk_win_64/sdk_win_64/winavr/bin/../lib/gcc/avr/4.3.3/avr5\libgcc.a(_mul_sf.o)
 .debug_pubnames
                0x0000006e       0x1f d:/e_s_diploma/5_interfacing/2_embedded_c/4_software/1_ide/sdk_win_64/sdk_win_64/winavr/bin/../lib/gcc/avr/4.3.3/avr5\libgcc.a(_div_sf.o)
 .debug_pubnames
                0x0000008d       0x1e d:/e_s_diploma/5_interfacing/2_embedded_c/4_software/1_ide/sdk_win_64/sdk_win_64/winavr/bin/../lib/gcc/avr/4.3.3/avr5\libgcc.a(_ge_sf.o)
 .debug_pubnames
                0x000000ab       0x22 d:/e_s_diploma/5_interfacing/2_embedded_c/4_software/1_ide/sdk_win_64/sdk_win_64/winavr/bin/../lib/gcc/avr/4.3.3/avr5\libgcc.a(_si_to_sf.o)
 .debug_pubnames
                0x000000cd       0x20 d:/e_s_diploma/5_interfacing/2_embedded_c/4_software/1_ide/sdk_win_64/sdk_win_64/winavr/bin/../lib/gcc/avr/4.3.3/avr5\libgcc.a(_sf_to_si.o)
 .debug_pubnames
                0x000000ed       0x22 d:/e_s_diploma/5_interfacing/2_embedded_c/4_software/1_ide/sdk_win_64/sdk_win_64/winavr/bin/../lib/gcc/avr/4.3.3/avr5\libgcc.a(_thenan_sf.o)
 .debug_pubnames
                0x0000010f       0x24 d:/e_s_diploma/5_interfacing/2_embedded_c/4_software/1_ide/sdk_win_64/sdk_win_64/winavr/bin/../lib/gcc/avr/4.3.3/avr5\libgcc.a(_usi_to_sf.o)
 .debug_pubnames
                0x00000133       0x1f d:/e_s_diploma/5_interfacing/2_embedded_c/4_software/1_ide/sdk_win_64/sdk_win_64/winavr/bin/../lib/gcc/avr/4.3.3/avr5\libgcc.a(_clzsi2.o)
 .debug_pubnames
                0x00000152       0x1f d:/e_s_diploma/5_interfacing/2_embedded_c/4_software/1_ide/sdk_win_64/sdk_win_64/winavr/bin/../lib/gcc/avr/4.3.3/avr5\libgcc.a(_pack_sf.o)
 .debug_pubnames
                0x00000171       0x21 d:/e_s_diploma/5_interfacing/2_embedded_c/4_software/1_ide/sdk_win_64/sdk_win_64/winavr/bin/../lib/gcc/avr/4.3.3/avr5\libgcc.a(_unpack_sf.o)
 .debug_pubnames
                0x00000192       0x26 d:/e_s_diploma/5_interfacing/2_embedded_c/4_software/1_ide/sdk_win_64/sdk_win_64/winavr/bin/../lib/gcc/avr/4.3.3/avr5\libgcc.a(_fpcmp_parts_sf.o)
 .debug_pubnames
                0x000001b8       0x20 d:/e_s_diploma/5_interfacing/2_embedded_c/4_software/1_ide/sdk_win_64/sdk_win_64/winavr/bin/../lib/gcc/avr/4.3.3/avr5\libgcc.a(_clz.o)

.debug_info     0x00000000     0x2114
 *(.debug_info)
 .debug_info    0x00000000       0xb1 d:/e_s_diploma/5_interfacing/2_embedded_c/4_software/1_ide/sdk_win_64/sdk_win_64/winavr/bin/../lib/gcc/avr/4.3.3/avr5\libgcc.a(_fixunssfsi.o)
 .debug_info    0x000000b1      0x47a d:/e_s_diploma/5_interfacing/2_embedded_c/4_software/1_ide/sdk_win_64/sdk_win_64/winavr/bin/../lib/gcc/avr/4.3.3/avr5\libgcc.a(_addsub_sf.o)
 .debug_info    0x0000052b      0x485 d:/e_s_diploma/5_interfacing/2_embedded_c/4_software/1_ide/sdk_win_64/sdk_win_64/winavr/bin/../lib/gcc/avr/4.3.3/avr5\libgcc.a(_mul_sf.o)
 .debug_info    0x000009b0      0x3fc d:/e_s_diploma/5_interfacing/2_embedded_c/4_software/1_ide/sdk_win_64/sdk_win_64/winavr/bin/../lib/gcc/avr/4.3.3/avr5\libgcc.a(_div_sf.o)
 .debug_info    0x00000dac      0x27f d:/e_s_diploma/5_interfacing/2_embedded_c/4_software/1_ide/sdk_win_64/sdk_win_64/winavr/bin/../lib/gcc/avr/4.3.3/avr5\libgcc.a(_ge_sf.o)
 .debug_info    0x0000102b      0x207 d:/e_s_diploma/5_interfacing/2_embedded_c/4_software/1_ide/sdk_win_64/sdk_win_64/winavr/bin/../lib/gcc/avr/4.3.3/avr5\libgcc.a(_si_to_sf.o)
 .debug_info    0x00001232      0x2b0 d:/e_s_diploma/5_interfacing/2_embedded_c/4_software/1_ide/sdk_win_64/sdk_win_64/winavr/bin/../lib/gcc/avr/4.3.3/avr5\libgcc.a(_sf_to_si.o)
 .debug_info    0x000014e2      0x12c d:/e_s_diploma/5_interfacing/2_embedded_c/4_software/1_ide/sdk_win_64/sdk_win_64/winavr/bin/../lib/gcc/avr/4.3.3/avr5\libgcc.a(_thenan_sf.o)
 .debug_info    0x0000160e      0x206 d:/e_s_diploma/5_interfacing/2_embedded_c/4_software/1_ide/sdk_win_64/sdk_win_64/winavr/bin/../lib/gcc/avr/4.3.3/avr5\libgcc.a(_usi_to_sf.o)
 .debug_info    0x00001814      0x117 d:/e_s_diploma/5_interfacing/2_embedded_c/4_software/1_ide/sdk_win_64/sdk_win_64/winavr/bin/../lib/gcc/avr/4.3.3/avr5\libgcc.a(_clzsi2.o)
 .debug_info    0x0000192b      0x2df d:/e_s_diploma/5_interfacing/2_embedded_c/4_software/1_ide/sdk_win_64/sdk_win_64/winavr/bin/../lib/gcc/avr/4.3.3/avr5\libgcc.a(_pack_sf.o)
 .debug_info    0x00001c0a      0x251 d:/e_s_diploma/5_interfacing/2_embedded_c/4_software/1_ide/sdk_win_64/sdk_win_64/winavr/bin/../lib/gcc/avr/4.3.3/avr5\libgcc.a(_unpack_sf.o)
 .debug_info    0x00001e5b      0x210 d:/e_s_diploma/5_interfacing/2_embedded_c/4_software/1_ide/sdk_win_64/sdk_win_64/winavr/bin/../lib/gcc/avr/4.3.3/avr5\libgcc.a(_fpcmp_parts_sf.o)
 .debug_info    0x0000206b       0xa9 d:/e_s_diploma/5_interfacing/2_embedded_c/4_software/1_ide/sdk_win_64/sdk_win_64/winavr/bin/../lib/gcc/avr/4.3.3/avr5\libgcc.a(_clz.o)
 *(.gnu.linkonce.wi.*)

.debug_abbrev   0x00000000     0x121a
 *(.debug_abbrev)
 .debug_abbrev  0x00000000       0x5d d:/e_s_diploma/5_interfacing/2_embedded_c/4_software/1_ide/sdk_win_64/sdk_win_64/winavr/bin/../lib/gcc/avr/4.3.3/avr5\libgcc.a(_fixunssfsi.o)
 .debug_abbrev  0x0000005d      0x1ea d:/e_s_diploma/5_interfacing/2_embedded_c/4_software/1_ide/sdk_win_64/sdk_win_64/winavr/bin/../lib/gcc/avr/4.3.3/avr5\libgcc.a(_addsub_sf.o)
 .debug_abbrev  0x00000247      0x21b d:/e_s_diploma/5_interfacing/2_embedded_c/4_software/1_ide/sdk_win_64/sdk_win_64/winavr/bin/../lib/gcc/avr/4.3.3/avr5\libgcc.a(_mul_sf.o)
 .debug_abbrev  0x00000462      0x216 d:/e_s_diploma/5_interfacing/2_embedded_c/4_software/1_ide/sdk_win_64/sdk_win_64/winavr/bin/../lib/gcc/avr/4.3.3/avr5\libgcc.a(_div_sf.o)
 .debug_abbrev  0x00000678      0x15a d:/e_s_diploma/5_interfacing/2_embedded_c/4_software/1_ide/sdk_win_64/sdk_win_64/winavr/bin/../lib/gcc/avr/4.3.3/avr5\libgcc.a(_ge_sf.o)
 .debug_abbrev  0x000007d2      0x148 d:/e_s_diploma/5_interfacing/2_embedded_c/4_software/1_ide/sdk_win_64/sdk_win_64/winavr/bin/../lib/gcc/avr/4.3.3/avr5\libgcc.a(_si_to_sf.o)
 .debug_abbrev  0x0000091a      0x17f d:/e_s_diploma/5_interfacing/2_embedded_c/4_software/1_ide/sdk_win_64/sdk_win_64/winavr/bin/../lib/gcc/avr/4.3.3/avr5\libgcc.a(_sf_to_si.o)
 .debug_abbrev  0x00000a99       0xad d:/e_s_diploma/5_interfacing/2_embedded_c/4_software/1_ide/sdk_win_64/sdk_win_64/winavr/bin/../lib/gcc/avr/4.3.3/avr5\libgcc.a(_thenan_sf.o)
 .debug_abbrev  0x00000b46      0x157 d:/e_s_diploma/5_interfacing/2_embedded_c/4_software/1_ide/sdk_win_64/sdk_win_64/winavr/bin/../lib/gcc/avr/4.3.3/avr5\libgcc.a(_usi_to_sf.o)
 .debug_abbrev  0x00000c9d       0xc4 d:/e_s_diploma/5_interfacing/2_embedded_c/4_software/1_ide/sdk_win_64/sdk_win_64/winavr/bin/../lib/gcc/avr/4.3.3/avr5\libgcc.a(_clzsi2.o)
 .debug_abbrev  0x00000d61      0x1c0 d:/e_s_diploma/5_interfacing/2_embedded_c/4_software/1_ide/sdk_win_64/sdk_win_64/winavr/bin/../lib/gcc/avr/4.3.3/avr5\libgcc.a(_pack_sf.o)
 .debug_abbrev  0x00000f21      0x154 d:/e_s_diploma/5_interfacing/2_embedded_c/4_software/1_ide/sdk_win_64/sdk_win_64/winavr/bin/../lib/gcc/avr/4.3.3/avr5\libgcc.a(_unpack_sf.o)
 .debug_abbrev  0x00001075      0x13b d:/e_s_diploma/5_interfacing/2_embedded_c/4_software/1_ide/sdk_win_64/sdk_win_64/winavr/bin/../lib/gcc/avr/4.3.3/avr5\libgcc.a(_fpcmp_parts_sf.o)
 .debug_abbrev  0x000011b0       0x6a d:/e_s_diploma/5_interfacing/2_embedded_c/4_software/1_ide/sdk_win_64/sdk_win_64/winavr/bin/../lib/gcc/avr/4.3.3/avr5\libgcc.a(_clz.o)

.debug_line     0x00000000     0x1165
 *(.debug_line)
 .debug_line    0x00000000       0xa7 d:/e_s_diploma/5_interfacing/2_embedded_c/4_software/1_ide/sdk_win_64/sdk_win_64/winavr/bin/../lib/gcc/avr/4.3.3/avr5\libgcc.a(_fixunssfsi.o)
 .debug_line    0x000000a7      0x2af d:/e_s_diploma/5_interfacing/2_embedded_c/4_software/1_ide/sdk_win_64/sdk_win_64/winavr/bin/../lib/gcc/avr/4.3.3/avr5\libgcc.a(_addsub_sf.o)
 .debug_line    0x00000356      0x239 d:/e_s_diploma/5_interfacing/2_embedded_c/4_software/1_ide/sdk_win_64/sdk_win_64/winavr/bin/../lib/gcc/avr/4.3.3/avr5\libgcc.a(_mul_sf.o)
 .debug_line    0x0000058f      0x1d5 d:/e_s_diploma/5_interfacing/2_embedded_c/4_software/1_ide/sdk_win_64/sdk_win_64/winavr/bin/../lib/gcc/avr/4.3.3/avr5\libgcc.a(_div_sf.o)
 .debug_line    0x00000764       0xd3 d:/e_s_diploma/5_interfacing/2_embedded_c/4_software/1_ide/sdk_win_64/sdk_win_64/winavr/bin/../lib/gcc/avr/4.3.3/avr5\libgcc.a(_ge_sf.o)
 .debug_line    0x00000837      0x135 d:/e_s_diploma/5_interfacing/2_embedded_c/4_software/1_ide/sdk_win_64/sdk_win_64/winavr/bin/../lib/gcc/avr/4.3.3/avr5\libgcc.a(_si_to_sf.o)
 .debug_line    0x0000096c      0x109 d:/e_s_diploma/5_interfacing/2_embedded_c/4_software/1_ide/sdk_win_64/sdk_win_64/winavr/bin/../lib/gcc/avr/4.3.3/avr5\libgcc.a(_sf_to_si.o)
 .debug_line    0x00000a75       0x90 d:/e_s_diploma/5_interfacing/2_embedded_c/4_software/1_ide/sdk_win_64/sdk_win_64/winavr/bin/../lib/gcc/avr/4.3.3/avr5\libgcc.a(_thenan_sf.o)
 .debug_line    0x00000b05      0x133 d:/e_s_diploma/5_interfacing/2_embedded_c/4_software/1_ide/sdk_win_64/sdk_win_64/winavr/bin/../lib/gcc/avr/4.3.3/avr5\libgcc.a(_usi_to_sf.o)
 .debug_line    0x00000c38       0xa5 d:/e_s_diploma/5_interfacing/2_embedded_c/4_software/1_ide/sdk_win_64/sdk_win_64/winavr/bin/../lib/gcc/avr/4.3.3/avr5\libgcc.a(_clzsi2.o)
 .debug_line    0x00000cdd      0x18a d:/e_s_diploma/5_interfacing/2_embedded_c/4_software/1_ide/sdk_win_64/sdk_win_64/winavr/bin/../lib/gcc/avr/4.3.3/avr5\libgcc.a(_pack_sf.o)
 .debug_line    0x00000e67      0x14b d:/e_s_diploma/5_interfacing/2_embedded_c/4_software/1_ide/sdk_win_64/sdk_win_64/winavr/bin/../lib/gcc/avr/4.3.3/avr5\libgcc.a(_unpack_sf.o)
 .debug_line    0x00000fb2      0x137 d:/e_s_diploma/5_interfacing/2_embedded_c/4_software/1_ide/sdk_win_64/sdk_win_64/winavr/bin/../lib/gcc/avr/4.3.3/avr5\libgcc.a(_fpcmp_parts_sf.o)
 .debug_line    0x000010e9       0x7c d:/e_s_diploma/5_interfacing/2_embedded_c/4_software/1_ide/sdk_win_64/sdk_win_64/winavr/bin/../lib/gcc/avr/4.3.3/avr5\libgcc.a(_clz.o)

.debug_frame    0x00000000      0x1a0
 *(.debug_frame)
 .debug_frame   0x00000000       0x20 d:/e_s_diploma/5_interfacing/2_embedded_c/4_software/1_ide/sdk_win_64/sdk_win_64/winavr/bin/../lib/gcc/avr/4.3.3/avr5\libgcc.a(_fixunssfsi.o)
 .debug_frame   0x00000020       0x40 d:/e_s_diploma/5_interfacing/2_embedded_c/4_software/1_ide/sdk_win_64/sdk_win_64/winavr/bin/../lib/gcc/avr/4.3.3/avr5\libgcc.a(_addsub_sf.o)
 .debug_frame   0x00000060       0x20 d:/e_s_diploma/5_interfacing/2_embedded_c/4_software/1_ide/sdk_win_64/sdk_win_64/winavr/bin/../lib/gcc/avr/4.3.3/avr5\libgcc.a(_mul_sf.o)
 .debug_frame   0x00000080       0x20 d:/e_s_diploma/5_interfacing/2_embedded_c/4_software/1_ide/sdk_win_64/sdk_win_64/winavr/bin/../lib/gcc/avr/4.3.3/avr5\libgcc.a(_div_sf.o)
 .debug_frame   0x000000a0       0x20 d:/e_s_diploma/5_interfacing/2_embedded_c/4_software/1_ide/sdk_win_64/sdk_win_64/winavr/bin/../lib/gcc/avr/4.3.3/avr5\libgcc.a(_ge_sf.o)
 .debug_frame   0x000000c0       0x20 d:/e_s_diploma/5_interfacing/2_embedded_c/4_software/1_ide/sdk_win_64/sdk_win_64/winavr/bin/../lib/gcc/avr/4.3.3/avr5\libgcc.a(_si_to_sf.o)
 .debug_frame   0x000000e0       0x20 d:/e_s_diploma/5_interfacing/2_embedded_c/4_software/1_ide/sdk_win_64/sdk_win_64/winavr/bin/../lib/gcc/avr/4.3.3/avr5\libgcc.a(_sf_to_si.o)
 .debug_frame   0x00000100       0x20 d:/e_s_diploma/5_interfacing/2_embedded_c/4_software/1_ide/sdk_win_64/sdk_win_64/winavr/bin/../lib/gcc/avr/4.3.3/avr5\libgcc.a(_usi_to_sf.o)
 .debug_frame   0x00000120       0x20 d:/e_s_diploma/5_interfacing/2_embedded_c/4_software/1_ide/sdk_win_64/sdk_win_64/winavr/bin/../lib/gcc/avr/4.3.3/avr5\libgcc.a(_clzsi2.o)
 .debug_frame   0x00000140       0x20 d:/e_s_diploma/5_interfacing/2_embedded_c/4_software/1_ide/sdk_win_64/sdk_win_64/winavr/bin/../lib/gcc/avr/4.3.3/avr5\libgcc.a(_pack_sf.o)
 .debug_frame   0x00000160       0x20 d:/e_s_diploma/5_interfacing/2_embedded_c/4_software/1_ide/sdk_win_64/sdk_win_64/winavr/bin/../lib/gcc/avr/4.3.3/avr5\libgcc.a(_unpack_sf.o)
 .debug_frame   0x00000180       0x20 d:/e_s_diploma/5_interfacing/2_embedded_c/4_software/1_ide/sdk_win_64/sdk_win_64/winavr/bin/../lib/gcc/avr/4.3.3/avr5\libgcc.a(_fpcmp_parts_sf.o)

.debug_str      0x00000000      0x2f7
 *(.debug_str)
 .debug_str     0x00000000       0xbf d:/e_s_diploma/5_interfacing/2_embedded_c/4_software/1_ide/sdk_win_64/sdk_win_64/winavr/bin/../lib/gcc/avr/4.3.3/avr5\libgcc.a(_fixunssfsi.o)
                                 0xfe (size before relaxing)
 .debug_str     0x000000bf      0x14d d:/e_s_diploma/5_interfacing/2_embedded_c/4_software/1_ide/sdk_win_64/sdk_win_64/winavr/bin/../lib/gcc/avr/4.3.3/avr5\libgcc.a(_addsub_sf.o)
                                0x206 (size before relaxing)
 .debug_str     0x0000020c       0x27 d:/e_s_diploma/5_interfacing/2_embedded_c/4_software/1_ide/sdk_win_64/sdk_win_64/winavr/bin/../lib/gcc/avr/4.3.3/avr5\libgcc.a(_mul_sf.o)
                                0x1bf (size before relaxing)
 .debug_str     0x00000233       0x35 d:/e_s_diploma/5_interfacing/2_embedded_c/4_software/1_ide/sdk_win_64/sdk_win_64/winavr/bin/../lib/gcc/avr/4.3.3/avr5\libgcc.a(_div_sf.o)
                                0x1c8 (size before relaxing)
 .debug_str     0x00000268        0x8 d:/e_s_diploma/5_interfacing/2_embedded_c/4_software/1_ide/sdk_win_64/sdk_win_64/winavr/bin/../lib/gcc/avr/4.3.3/avr5\libgcc.a(_ge_sf.o)
                                0x195 (size before relaxing)
 .debug_str     0x00000270       0x1e d:/e_s_diploma/5_interfacing/2_embedded_c/4_software/1_ide/sdk_win_64/sdk_win_64/winavr/bin/../lib/gcc/avr/4.3.3/avr5\libgcc.a(_si_to_sf.o)
                                0x17b (size before relaxing)
 .debug_str     0x0000028e        0xa d:/e_s_diploma/5_interfacing/2_embedded_c/4_software/1_ide/sdk_win_64/sdk_win_64/winavr/bin/../lib/gcc/avr/4.3.3/avr5\libgcc.a(_sf_to_si.o)
                                0x19e (size before relaxing)
 .debug_str     0x00000000      0x103 d:/e_s_diploma/5_interfacing/2_embedded_c/4_software/1_ide/sdk_win_64/sdk_win_64/winavr/bin/../lib/gcc/avr/4.3.3/avr5\libgcc.a(_thenan_sf.o)
 .debug_str     0x00000298       0x14 d:/e_s_diploma/5_interfacing/2_embedded_c/4_software/1_ide/sdk_win_64/sdk_win_64/winavr/bin/../lib/gcc/avr/4.3.3/avr5\libgcc.a(_usi_to_sf.o)
                                0x177 (size before relaxing)
 .debug_str     0x000002ac       0x20 d:/e_s_diploma/5_interfacing/2_embedded_c/4_software/1_ide/sdk_win_64/sdk_win_64/winavr/bin/../lib/gcc/avr/4.3.3/avr5\libgcc.a(_clzsi2.o)
                                0x111 (size before relaxing)
 .debug_str     0x000002cc       0x10 d:/e_s_diploma/5_interfacing/2_embedded_c/4_software/1_ide/sdk_win_64/sdk_win_64/winavr/bin/../lib/gcc/avr/4.3.3/avr5\libgcc.a(_pack_sf.o)
                                0x19d (size before relaxing)
 .debug_str     0x000002dc        0xb d:/e_s_diploma/5_interfacing/2_embedded_c/4_software/1_ide/sdk_win_64/sdk_win_64/winavr/bin/../lib/gcc/avr/4.3.3/avr5\libgcc.a(_unpack_sf.o)
                                0x17f (size before relaxing)
 .debug_str     0x000002e7       0x10 d:/e_s_diploma/5_interfacing/2_embedded_c/4_software/1_ide/sdk_win_64/sdk_win_64/winavr/bin/../lib/gcc/avr/4.3.3/avr5\libgcc.a(_fpcmp_parts_sf.o)
                                0x163 (size before relaxing)
 .debug_str     0x00000000       0xf4 d:/e_s_diploma/5_interfacing/2_embedded_c/4_software/1_ide/sdk_win_64/sdk_win_64/winavr/bin/../lib/gcc/avr/4.3.3/avr5\libgcc.a(_clz.o)

.debug_loc      0x00000000      0x9a2
 *(.debug_loc)
 .debug_loc     0x00000000       0x34 d:/e_s_diploma/5_interfacing/2_embedded_c/4_software/1_ide/sdk_win_64/sdk_win_64/winavr/bin/../lib/gcc/avr/4.3.3/avr5\libgcc.a(_fixunssfsi.o)
 .debug_loc     0x00000034      0x32a d:/e_s_diploma/5_interfacing/2_embedded_c/4_software/1_ide/sdk_win_64/sdk_win_64/winavr/bin/../lib/gcc/avr/4.3.3/avr5\libgcc.a(_addsub_sf.o)
 .debug_loc     0x0000035e      0x104 d:/e_s_diploma/5_interfacing/2_embedded_c/4_software/1_ide/sdk_win_64/sdk_win_64/winavr/bin/../lib/gcc/avr/4.3.3/avr5\libgcc.a(_mul_sf.o)
 .debug_loc     0x00000462       0xc0 d:/e_s_diploma/5_interfacing/2_embedded_c/4_software/1_ide/sdk_win_64/sdk_win_64/winavr/bin/../lib/gcc/avr/4.3.3/avr5\libgcc.a(_div_sf.o)
 .debug_loc     0x00000522       0x3c d:/e_s_diploma/5_interfacing/2_embedded_c/4_software/1_ide/sdk_win_64/sdk_win_64/winavr/bin/../lib/gcc/avr/4.3.3/avr5\libgcc.a(_ge_sf.o)
 .debug_loc     0x0000055e       0xac d:/e_s_diploma/5_interfacing/2_embedded_c/4_software/1_ide/sdk_win_64/sdk_win_64/winavr/bin/../lib/gcc/avr/4.3.3/avr5\libgcc.a(_si_to_sf.o)
 .debug_loc     0x0000060a       0x7e d:/e_s_diploma/5_interfacing/2_embedded_c/4_software/1_ide/sdk_win_64/sdk_win_64/winavr/bin/../lib/gcc/avr/4.3.3/avr5\libgcc.a(_sf_to_si.o)
 .debug_loc     0x00000688       0x4c d:/e_s_diploma/5_interfacing/2_embedded_c/4_software/1_ide/sdk_win_64/sdk_win_64/winavr/bin/../lib/gcc/avr/4.3.3/avr5\libgcc.a(_usi_to_sf.o)
 .debug_loc     0x000006d4       0x94 d:/e_s_diploma/5_interfacing/2_embedded_c/4_software/1_ide/sdk_win_64/sdk_win_64/winavr/bin/../lib/gcc/avr/4.3.3/avr5\libgcc.a(_clzsi2.o)
 .debug_loc     0x00000768      0x13e d:/e_s_diploma/5_interfacing/2_embedded_c/4_software/1_ide/sdk_win_64/sdk_win_64/winavr/bin/../lib/gcc/avr/4.3.3/avr5\libgcc.a(_pack_sf.o)
 .debug_loc     0x000008a6       0xac d:/e_s_diploma/5_interfacing/2_embedded_c/4_software/1_ide/sdk_win_64/sdk_win_64/winavr/bin/../lib/gcc/avr/4.3.3/avr5\libgcc.a(_unpack_sf.o)
 .debug_loc     0x00000952       0x50 d:/e_s_diploma/5_interfacing/2_embedded_c/4_software/1_ide/sdk_win_64/sdk_win_64/winavr/bin/../lib/gcc/avr/4.3.3/avr5\libgcc.a(_fpcmp_parts_sf.o)

.debug_macinfo
 *(.debug_macinfo)
OUTPUT(DIO_project.elf elf32-avr)
LOAD linker stubs

.debug_ranges   0x00000000       0x50
 .debug_ranges  0x00000000       0x50 d:/e_s_diploma/5_interfacing/2_embedded_c/4_software/1_ide/sdk_win_64/sdk_win_64/winavr/bin/../lib/gcc/avr/4.3.3/avr5\libgcc.a(_mul_sf.o)
